ARM Linker, 5.03 [Build 76] [MDK-ARM Lite]

==============================================================================

Section Cross References

    startup.o(RESET) refers to startup.o(STACK) for StackMem
    startup.o(RESET) refers to buttons.o(.text) for GPIOPortB_Handler
    startup.o(RESET) refers to music.o(.text) for GPIOPortD_Handler
    startup.o(RESET) refers to entry.o(.ARM.Collect$$$$00000000) for __main
    pointertrafficlight.o(.text) refers to buttons.o(.text) for toggleLED
    pointertrafficlight.o(.text) refers to pll.o(.text) for PLL_Init
    pointertrafficlight.o(.text) refers to systick.o(.text) for SysTick_Init
    pointertrafficlight.o(.text) refers to music.o(.text) for musicInit
    pointertrafficlight.o(.text) refers to dac.o(.text) for DAC_Init
    pointertrafficlight.o(.text) refers to pointertrafficlight.o(.constdata) for sineTable
    pointertrafficlight.o(.text) refers to pointertrafficlight.o(.data) for trackIndex
    buttons.o(.text) refers to buttons.o(.data) for changeTrackFunction
    music.o(.text) refers to timer0a.o(.text) for Timer0A_Init
    music.o(.text) refers to dac.o(.text) for DAC_Out
    music.o(.text) refers to music.o(.data) for sineIndex
    music.o(.text) refers to music.o(.constdata) for tickLengths
    entry.o(.ARM.Collect$$$$00000000) refers (Special) to entry10a.o(.ARM.Collect$$$$0000000D) for __rt_final_cpp
    entry.o(.ARM.Collect$$$$00000000) refers (Special) to entry11a.o(.ARM.Collect$$$$0000000F) for __rt_final_exit
    entry.o(.ARM.Collect$$$$00000000) refers (Special) to entry7b.o(.ARM.Collect$$$$00000008) for _main_clock
    entry.o(.ARM.Collect$$$$00000000) refers (Special) to entry8b.o(.ARM.Collect$$$$0000000A) for _main_cpp_init
    entry.o(.ARM.Collect$$$$00000000) refers (Special) to entry9a.o(.ARM.Collect$$$$0000000B) for _main_init
    entry.o(.ARM.Collect$$$$00000000) refers (Special) to entry5.o(.ARM.Collect$$$$00000004) for _main_scatterload
    entry.o(.ARM.Collect$$$$00000000) refers (Special) to entry2.o(.ARM.Collect$$$$00000001) for _main_stk
    entry2.o(.ARM.Collect$$$$00000001) refers to entry2.o(.ARM.Collect$$$$00002712) for __lit__00000000
    entry2.o(.ARM.Collect$$$$00002712) refers to startup.o(STACK) for __initial_sp
    entry2.o(__vectab_stack_and_reset_area) refers to startup.o(STACK) for __initial_sp
    entry2.o(__vectab_stack_and_reset_area) refers to entry.o(.ARM.Collect$$$$00000000) for __main
    entry5.o(.ARM.Collect$$$$00000004) refers to init.o(.text) for __scatterload
    entry9a.o(.ARM.Collect$$$$0000000B) refers to pointertrafficlight.o(.text) for main
    entry9b.o(.ARM.Collect$$$$0000000C) refers to pointertrafficlight.o(.text) for main
    init.o(.text) refers to entry5.o(.ARM.Collect$$$$00000004) for __main_after_scatterload


==============================================================================

Removing Unused input sections from the image.

    Removing startup.o(HEAP), (0 bytes).
    Removing startup.o(.text), (28 bytes).
    Removing timer0a.o(.data), (4 bytes).

3 unused section(s) (total 32 bytes) removed from the image.

==============================================================================

Image Symbol Table

    Local Symbols

    Symbol Name                              Value     Ov Type        Size  Object(Section)

    RESET                                    0x00000000   Section      280  startup.o(RESET)
    ../clib/../cmprslib/lz77c.c              0x00000000   Number         0  __dclz77c.o ABSOLUTE
    ../clib/microlib/init/entry.s            0x00000000   Number         0  entry7b.o ABSOLUTE
    ../clib/microlib/init/entry.s            0x00000000   Number         0  entry8a.o ABSOLUTE
    ../clib/microlib/init/entry.s            0x00000000   Number         0  entry.o ABSOLUTE
    ../clib/microlib/init/entry.s            0x00000000   Number         0  entry7a.o ABSOLUTE
    ../clib/microlib/init/entry.s            0x00000000   Number         0  entry5.o ABSOLUTE
    ../clib/microlib/init/entry.s            0x00000000   Number         0  entry2.o ABSOLUTE
    ../clib/microlib/init/entry.s            0x00000000   Number         0  entry11b.o ABSOLUTE
    ../clib/microlib/init/entry.s            0x00000000   Number         0  entry11a.o ABSOLUTE
    ../clib/microlib/init/entry.s            0x00000000   Number         0  entry10b.o ABSOLUTE
    ../clib/microlib/init/entry.s            0x00000000   Number         0  entry10a.o ABSOLUTE
    ../clib/microlib/init/entry.s            0x00000000   Number         0  entry9b.o ABSOLUTE
    ../clib/microlib/init/entry.s            0x00000000   Number         0  entry9a.o ABSOLUTE
    ../clib/microlib/init/entry.s            0x00000000   Number         0  entry8b.o ABSOLUTE
    DAC.c                                    0x00000000   Number         0  dac.o ABSOLUTE
    PLL.c                                    0x00000000   Number         0  pll.o ABSOLUTE
    PointerTrafficLight.c                    0x00000000   Number         0  pointertrafficlight.o ABSOLUTE
    Startup.s                                0x00000000   Number         0  startup.o ABSOLUTE
    SysTick.c                                0x00000000   Number         0  systick.o ABSOLUTE
    Timer0A.c                                0x00000000   Number         0  timer0a.o ABSOLUTE
    buttons.c                                0x00000000   Number         0  buttons.o ABSOLUTE
    dc.s                                     0x00000000   Number         0  dc.o ABSOLUTE
    handlers.s                               0x00000000   Number         0  handlers.o ABSOLUTE
    init.s                                   0x00000000   Number         0  init.o ABSOLUTE
    music.c                                  0x00000000   Number         0  music.o ABSOLUTE
    .ARM.Collect$$$$00000000                 0x00000118   Section        0  entry.o(.ARM.Collect$$$$00000000)
    .ARM.Collect$$$$00000001                 0x00000118   Section        4  entry2.o(.ARM.Collect$$$$00000001)
    .ARM.Collect$$$$00000004                 0x0000011c   Section        4  entry5.o(.ARM.Collect$$$$00000004)
    .ARM.Collect$$$$00000008                 0x00000120   Section        0  entry7b.o(.ARM.Collect$$$$00000008)
    .ARM.Collect$$$$0000000A                 0x00000120   Section        0  entry8b.o(.ARM.Collect$$$$0000000A)
    .ARM.Collect$$$$0000000B                 0x00000120   Section        8  entry9a.o(.ARM.Collect$$$$0000000B)
    .ARM.Collect$$$$0000000D                 0x00000128   Section        0  entry10a.o(.ARM.Collect$$$$0000000D)
    .ARM.Collect$$$$0000000F                 0x00000128   Section        0  entry11a.o(.ARM.Collect$$$$0000000F)
    .ARM.Collect$$$$00002712                 0x00000128   Section        4  entry2.o(.ARM.Collect$$$$00002712)
    __lit__00000000                          0x00000128   Data           4  entry2.o(.ARM.Collect$$$$00002712)
    .text                                    0x0000012c   Section        0  pointertrafficlight.o(.text)
    .text                                    0x00000208   Section        0  systick.o(.text)
    .text                                    0x0000025c   Section        0  pll.o(.text)
    .text                                    0x000002dc   Section        0  buttons.o(.text)
    .text                                    0x00000538   Section        0  music.o(.text)
    .text                                    0x000006f8   Section        0  dac.o(.text)
    .text                                    0x000007fc   Section        0  timer0a.o(.text)
    .text                                    0x00000a90   Section       36  init.o(.text)
    .text                                    0x00000ab4   Section        0  __dclz77c.o(.text)
    i.__scatterload_copy                     0x00000b14   Section       14  handlers.o(i.__scatterload_copy)
    i.__scatterload_null                     0x00000b22   Section        2  handlers.o(i.__scatterload_null)
    i.__scatterload_zeroinit                 0x00000b24   Section       14  handlers.o(i.__scatterload_zeroinit)
    .constdata                               0x00000b32   Section      256  pointertrafficlight.o(.constdata)
    .constdata                               0x00000c32   Section      512  music.o(.constdata)
    .data                                    0x20000000   Section     1480  pointertrafficlight.o(.data)
    .data                                    0x200005c8   Section       16  buttons.o(.data)
    .data                                    0x200005d8   Section       20  music.o(.data)
    STACK                                    0x200005f0   Section     1024  startup.o(STACK)
    StackMem                                 0x200005f0   Data           0  startup.o(STACK)

    Global Symbols

    Symbol Name                              Value     Ov Type        Size  Object(Section)

    BuildAttributes$$THM_ISAv4$P$D$K$B$S$PE$A:L22UL41UL21$X:L11$S22US41US21$IEEE1$IW$USESV6$~STKCKD$USESV7$~SHL$OSPACE$EBA8$MICROLIB$REQ8$PRES8$EABIv2 0x00000000   Number         0  anon$$obj.o ABSOLUTE
    __ARM_use_no_argv                        0x00000000   Number         0  pointertrafficlight.o ABSOLUTE
    __Vectors                                0x00000000   Data           0  startup.o(RESET)
    __cpp_initialize__aeabi_                  - Undefined Weak Reference
    __cxa_finalize                            - Undefined Weak Reference
    _clock_init                               - Undefined Weak Reference
    _microlib_exit                            - Undefined Weak Reference
    Reset_Handler                            0x00000101   Thumb Code     0  startup.o(RESET)
    NMI_Handler                              0x00000105   Thumb Code     2  startup.o(RESET)
    HardFault_Handler                        0x00000107   Thumb Code     2  startup.o(RESET)
    MemManage_Handler                        0x00000109   Thumb Code     2  startup.o(RESET)
    BusFault_Handler                         0x0000010b   Thumb Code     2  startup.o(RESET)
    UsageFault_Handler                       0x0000010d   Thumb Code     2  startup.o(RESET)
    SVC_Handler                              0x0000010f   Thumb Code     2  startup.o(RESET)
    DebugMon_Handler                         0x00000111   Thumb Code     2  startup.o(RESET)
    PendSV_Handler                           0x00000113   Thumb Code     2  startup.o(RESET)
    SysTick_Handler                          0x00000115   Thumb Code     2  startup.o(RESET)
    ADC0_Handler                             0x00000117   Thumb Code     0  startup.o(RESET)
    ADC1_Handler                             0x00000117   Thumb Code     0  startup.o(RESET)
    ADC2_Handler                             0x00000117   Thumb Code     0  startup.o(RESET)
    ADC3_Handler                             0x00000117   Thumb Code     0  startup.o(RESET)
    CAN0_Handler                             0x00000117   Thumb Code     0  startup.o(RESET)
    CAN1_Handler                             0x00000117   Thumb Code     0  startup.o(RESET)
    CAN2_Handler                             0x00000117   Thumb Code     0  startup.o(RESET)
    Comp0_Handler                            0x00000117   Thumb Code     0  startup.o(RESET)
    Comp1_Handler                            0x00000117   Thumb Code     0  startup.o(RESET)
    Comp2_Handler                            0x00000117   Thumb Code     0  startup.o(RESET)
    Ethernet_Handler                         0x00000117   Thumb Code     0  startup.o(RESET)
    FlashCtl_Handler                         0x00000117   Thumb Code     0  startup.o(RESET)
    GPIOPortA_Handler                        0x00000117   Thumb Code     0  startup.o(RESET)
    GPIOPortC_Handler                        0x00000117   Thumb Code     0  startup.o(RESET)
    GPIOPortE_Handler                        0x00000117   Thumb Code     0  startup.o(RESET)
    GPIOPortF_Handler                        0x00000117   Thumb Code     0  startup.o(RESET)
    GPIOPortG_Handler                        0x00000117   Thumb Code     0  startup.o(RESET)
    GPIOPortH_Handler                        0x00000117   Thumb Code     0  startup.o(RESET)
    Hibernate_Handler                        0x00000117   Thumb Code     0  startup.o(RESET)
    I2C0_Handler                             0x00000117   Thumb Code     0  startup.o(RESET)
    I2C1_Handler                             0x00000117   Thumb Code     0  startup.o(RESET)
    PWM0_Handler                             0x00000117   Thumb Code     0  startup.o(RESET)
    PWM1_Handler                             0x00000117   Thumb Code     0  startup.o(RESET)
    PWM2_Handler                             0x00000117   Thumb Code     0  startup.o(RESET)
    PWM3_Handler                             0x00000117   Thumb Code     0  startup.o(RESET)
    PWMFault_Handler                         0x00000117   Thumb Code     0  startup.o(RESET)
    Quadrature0_Handler                      0x00000117   Thumb Code     0  startup.o(RESET)
    Quadrature1_Handler                      0x00000117   Thumb Code     0  startup.o(RESET)
    SSI0_Handler                             0x00000117   Thumb Code     0  startup.o(RESET)
    SSI1_Handler                             0x00000117   Thumb Code     0  startup.o(RESET)
    SysCtl_Handler                           0x00000117   Thumb Code     0  startup.o(RESET)
    Timer0B_Handler                          0x00000117   Thumb Code     0  startup.o(RESET)
    Timer1A_Handler                          0x00000117   Thumb Code     0  startup.o(RESET)
    Timer1B_Handler                          0x00000117   Thumb Code     0  startup.o(RESET)
    Timer2A_Handler                          0x00000117   Thumb Code     0  startup.o(RESET)
    Timer2B_Handler                          0x00000117   Thumb Code     0  startup.o(RESET)
    Timer3A_Handler                          0x00000117   Thumb Code     0  startup.o(RESET)
    Timer3B_Handler                          0x00000117   Thumb Code     0  startup.o(RESET)
    UART0_Handler                            0x00000117   Thumb Code     0  startup.o(RESET)
    UART1_Handler                            0x00000117   Thumb Code     0  startup.o(RESET)
    UART2_Handler                            0x00000117   Thumb Code     0  startup.o(RESET)
    USB0_Handler                             0x00000117   Thumb Code     0  startup.o(RESET)
    WDT_Handler                              0x00000117   Thumb Code     0  startup.o(RESET)
    uDMA_Error                               0x00000117   Thumb Code     0  startup.o(RESET)
    uDMA_Handler                             0x00000117   Thumb Code     0  startup.o(RESET)
    __main                                   0x00000119   Thumb Code     0  entry.o(.ARM.Collect$$$$00000000)
    _main_stk                                0x00000119   Thumb Code     0  entry2.o(.ARM.Collect$$$$00000001)
    _main_scatterload                        0x0000011d   Thumb Code     0  entry5.o(.ARM.Collect$$$$00000004)
    __main_after_scatterload                 0x00000121   Thumb Code     0  entry5.o(.ARM.Collect$$$$00000004)
    _main_clock                              0x00000121   Thumb Code     0  entry7b.o(.ARM.Collect$$$$00000008)
    _main_cpp_init                           0x00000121   Thumb Code     0  entry8b.o(.ARM.Collect$$$$0000000A)
    _main_init                               0x00000121   Thumb Code     0  entry9a.o(.ARM.Collect$$$$0000000B)
    __rt_final_cpp                           0x00000129   Thumb Code     0  entry10a.o(.ARM.Collect$$$$0000000D)
    __rt_final_exit                          0x00000129   Thumb Code     0  entry11a.o(.ARM.Collect$$$$0000000F)
    mountainEnvelope                         0x0000012d   Thumb Code    50  pointertrafficlight.o(.text)
    stacattoEnvelope                         0x0000015f   Thumb Code    12  pointertrafficlight.o(.text)
    simpleEnvelope                           0x0000016b   Thumb Code     2  pointertrafficlight.o(.text)
    wubEnvelope                              0x0000016d   Thumb Code    20  pointertrafficlight.o(.text)
    sinusoidalEnvelope                       0x00000181   Thumb Code    22  pointertrafficlight.o(.text)
    changeTrack                              0x00000197   Thumb Code    40  pointertrafficlight.o(.text)
    main                                     0x000001bf   Thumb Code    56  pointertrafficlight.o(.text)
    SysTick_Init                             0x00000209   Thumb Code    24  systick.o(.text)
    SysTick_Wait                             0x00000221   Thumb Code    32  systick.o(.text)
    SysTick_Wait10ms                         0x00000241   Thumb Code    22  systick.o(.text)
    PLL_Init                                 0x0000025d   Thumb Code   124  pll.o(.text)
    doNothing                                0x000002dd   Thumb Code     2  buttons.o(.text)
    buttonInit                               0x000002df   Thumb Code   296  buttons.o(.text)
    setChangeTrackFunction                   0x00000407   Thumb Code     6  buttons.o(.text)
    setRecordFunction                        0x0000040d   Thumb Code     6  buttons.o(.text)
    setPlayBackFunction                      0x00000413   Thumb Code     6  buttons.o(.text)
    setChangeInstrumentFunction              0x00000419   Thumb Code     6  buttons.o(.text)
    toggleLED                                0x0000041f   Thumb Code    46  buttons.o(.text)
    GPIOPortB_Handler                        0x0000044d   Thumb Code   164  buttons.o(.text)
    press0                                   0x00000539   Thumb Code    22  music.o(.text)
    release0                                 0x0000054f   Thumb Code     8  music.o(.text)
    musicInit                                0x00000557   Thumb Code    30  music.o(.text)
    Timer0A_Handler                          0x00000575   Thumb Code    84  music.o(.text)
    GPIOPortD_Handler                        0x000005c9   Thumb Code   256  music.o(.text)
    DAC_Init                                 0x000006f9   Thumb Code   188  dac.o(.text)
    DAC_Out                                  0x000007b5   Thumb Code    34  dac.o(.text)
    Timer0A_Init                             0x000007fd   Thumb Code   112  timer0a.o(.text)
    Timer0A_Enable_Interrupts                0x0000086d   Thumb Code    22  timer0a.o(.text)
    Timer0A_Disable_Interrupts               0x00000883   Thumb Code    18  timer0a.o(.text)
    Timer1A_Init                             0x00000895   Thumb Code   116  timer0a.o(.text)
    Timer1A_Enable_Interrupts                0x00000909   Thumb Code    22  timer0a.o(.text)
    Timer1A_Disable_Interrupts               0x0000091f   Thumb Code    20  timer0a.o(.text)
    Timer2A_Init                             0x00000933   Thumb Code   116  timer0a.o(.text)
    Timer2A_Enable_Interrupts                0x000009a7   Thumb Code    22  timer0a.o(.text)
    Timer2A_Disable_Interrupts               0x000009bd   Thumb Code    18  timer0a.o(.text)
    Timer3A_Init                             0x000009cf   Thumb Code   116  timer0a.o(.text)
    Timer3A_Enable_Interrupts                0x00000a43   Thumb Code    22  timer0a.o(.text)
    Timer3A_Disable_Interrupts               0x00000a59   Thumb Code    18  timer0a.o(.text)
    __scatterload                            0x00000a91   Thumb Code    28  init.o(.text)
    __scatterload_rt2                        0x00000a91   Thumb Code     0  init.o(.text)
    __decompress                             0x00000ab5   Thumb Code     0  __dclz77c.o(.text)
    __decompress2                            0x00000ab5   Thumb Code    96  __dclz77c.o(.text)
    __scatterload_copy                       0x00000b15   Thumb Code    14  handlers.o(i.__scatterload_copy)
    __scatterload_null                       0x00000b23   Thumb Code     2  handlers.o(i.__scatterload_null)
    __scatterload_zeroinit                   0x00000b25   Thumb Code    14  handlers.o(i.__scatterload_zeroinit)
    sineTable                                0x00000b32   Data         256  pointertrafficlight.o(.constdata)
    sinWaveTable                             0x00000c32   Data         256  music.o(.constdata)
    tickLengths                              0x00000d32   Data         256  music.o(.constdata)
    Region$$Table$$Base                      0x00000e34   Number         0  anon$$obj.o(Region$$Table)
    Region$$Table$$Limit                     0x00000e54   Number         0  anon$$obj.o(Region$$Table)
    Part1Frequencies                         0x20000000   Data         432  pointertrafficlight.o(.data)
    Part1Durations                           0x200001b0   Data         432  pointertrafficlight.o(.data)
    Part1Length                              0x20000360   Data           4  pointertrafficlight.o(.data)
    Part2Frequencies                         0x20000364   Data         144  pointertrafficlight.o(.data)
    Part2Durations                           0x200003f4   Data         144  pointertrafficlight.o(.data)
    Part2Length                              0x20000484   Data           4  pointertrafficlight.o(.data)
    trebleFrequencies                        0x20000488   Data          64  pointertrafficlight.o(.data)
    trebleDurations                          0x200004c8   Data          64  pointertrafficlight.o(.data)
    trebleLength                             0x20000508   Data           4  pointertrafficlight.o(.data)
    envelopeIndex                            0x2000050c   Data           4  pointertrafficlight.o(.data)
    beautyEnvelope                           0x20000510   Data          60  pointertrafficlight.o(.data)
    bassFrequencies                          0x2000054c   Data          12  pointertrafficlight.o(.data)
    bassDurations                            0x20000558   Data          12  pointertrafficlight.o(.data)
    bassLength                               0x20000564   Data           4  pointertrafficlight.o(.data)
    trackIndex                               0x20000568   Data           4  pointertrafficlight.o(.data)
    starWars                                 0x2000056c   Data          24  pointertrafficlight.o(.data)
    throneGames                              0x20000584   Data          24  pointertrafficlight.o(.data)
    testFrequencies                          0x2000059c   Data           4  pointertrafficlight.o(.data)
    testDurations                            0x200005a0   Data           4  pointertrafficlight.o(.data)
    emptyFrequencies                         0x200005a4   Data           4  pointertrafficlight.o(.data)
    emptyDurations                           0x200005a8   Data           4  pointertrafficlight.o(.data)
    test                                     0x200005ac   Data          24  pointertrafficlight.o(.data)
    previousNoteState                        0x200005c4   Data           4  pointertrafficlight.o(.data)
    changeTrackFunction                      0x200005c8   Data           4  buttons.o(.data)
    recordFunction                           0x200005cc   Data           4  buttons.o(.data)
    playBackFunction                         0x200005d0   Data           4  buttons.o(.data)
    changeInstrumentFunction                 0x200005d4   Data           4  buttons.o(.data)
    sineIndex                                0x200005d8   Data           4  music.o(.data)
    sinceLastTick                            0x200005dc   Data           4  music.o(.data)
    sinceLastNote                            0x200005e0   Data           4  music.o(.data)
    isPlaying                                0x200005e4   Data           4  music.o(.data)
    currentEnvelope                          0x200005e8   Data           4  music.o(.data)
    __initial_sp                             0x200009f0   Data           0  startup.o(STACK)



==============================================================================

Memory Map of the image

  Image Entry point : 0x00000101

  Load Region LR_1 (Base: 0x00000000, Size: 0x00001440, Max: 0xffffffff, ABSOLUTE, COMPRESSED[0x00000f9c])

    Execution Region ER_RO (Base: 0x00000000, Size: 0x00000e54, Max: 0xffffffff, ABSOLUTE)

    Base Addr    Size         Type   Attr      Idx    E Section Name        Object

    0x00000000   0x00000118   Code   RO            3  * RESET               startup.o
    0x00000118   0x00000000   Code   RO          113  * .ARM.Collect$$$$00000000  mc_w.l(entry.o)
    0x00000118   0x00000004   Code   RO          116    .ARM.Collect$$$$00000001  mc_w.l(entry2.o)
    0x0000011c   0x00000004   Code   RO          119    .ARM.Collect$$$$00000004  mc_w.l(entry5.o)
    0x00000120   0x00000000   Code   RO          121    .ARM.Collect$$$$00000008  mc_w.l(entry7b.o)
    0x00000120   0x00000000   Code   RO          123    .ARM.Collect$$$$0000000A  mc_w.l(entry8b.o)
    0x00000120   0x00000008   Code   RO          124    .ARM.Collect$$$$0000000B  mc_w.l(entry9a.o)
    0x00000128   0x00000000   Code   RO          126    .ARM.Collect$$$$0000000D  mc_w.l(entry10a.o)
    0x00000128   0x00000000   Code   RO          128    .ARM.Collect$$$$0000000F  mc_w.l(entry11a.o)
    0x00000128   0x00000004   Code   RO          117    .ARM.Collect$$$$00002712  mc_w.l(entry2.o)
    0x0000012c   0x000000dc   Code   RO           12    .text               pointertrafficlight.o
    0x00000208   0x00000054   Code   RO           31    .text               systick.o
    0x0000025c   0x00000080   Code   RO           43    .text               pll.o
    0x000002dc   0x0000025c   Code   RO           55    .text               buttons.o
    0x00000538   0x000001c0   Code   RO           70    .text               music.o
    0x000006f8   0x00000104   Code   RO           86    .text               dac.o
    0x000007fc   0x00000294   Code   RO           98    .text               timer0a.o
    0x00000a90   0x00000024   Code   RO          130    .text               mc_w.l(init.o)
    0x00000ab4   0x00000060   Code   RO          140    .text               mc_w.l(__dclz77c.o)
    0x00000b14   0x0000000e   Code   RO          134    i.__scatterload_copy  mc_w.l(handlers.o)
    0x00000b22   0x00000002   Code   RO          135    i.__scatterload_null  mc_w.l(handlers.o)
    0x00000b24   0x0000000e   Code   RO          136    i.__scatterload_zeroinit  mc_w.l(handlers.o)
    0x00000b32   0x00000100   Data   RO           13    .constdata          pointertrafficlight.o
    0x00000c32   0x00000200   Data   RO           71    .constdata          music.o
    0x00000e32   0x00000002   PAD
    0x00000e34   0x00000020   Data   RO          132    Region$$Table       anon$$obj.o


    Execution Region ER_RW (Base: 0x20000000, Size: 0x000005ec, Max: 0xffffffff, ABSOLUTE, COMPRESSED[0x00000148])

    Base Addr    Size         Type   Attr      Idx    E Section Name        Object

    0x20000000   0x000005c8   Data   RW           14    .data               pointertrafficlight.o
    0x200005c8   0x00000010   Data   RW           56    .data               buttons.o
    0x200005d8   0x00000014   Data   RW           72    .data               music.o


    Execution Region ER_ZI (Base: 0x200005ec, Size: 0x00000404, Max: 0xffffffff, ABSOLUTE)

    Base Addr    Size         Type   Attr      Idx    E Section Name        Object

    0x200005ec   0x00000004   PAD
    0x200005f0   0x00000400   Zero   RW            1    STACK               startup.o


==============================================================================

Image component sizes


      Code (inc. data)   RO Data    RW Data    ZI Data      Debug   Object Name

       604         72          0         16          0       4867   buttons.o
       260         38          0          0          0        655   dac.o
       448         48        512         20          0       2897   music.o
       128          4          0          0          0        371   pll.o
       220         18        256       1480          0       7537   pointertrafficlight.o
       280        256          0          0       1024        680   startup.o
        84          6          0          0          0        813   systick.o
       660         38          0          0          0       2298   timer0a.o

    ----------------------------------------------------------------------
      2684        480        802       1516       1028      20118   Object Totals
         0          0         32          0          0          0   (incl. Generated)
         0          0          2          0          4          0   (incl. Padding)

    ----------------------------------------------------------------------

      Code (inc. data)   RO Data    RW Data    ZI Data      Debug   Library Member Name

        96          0          0          0          0          0   __dclz77c.o
         0          0          0          0          0          0   entry.o
         0          0          0          0          0          0   entry10a.o
         0          0          0          0          0          0   entry11a.o
         8          4          0          0          0          0   entry2.o
         4          0          0          0          0          0   entry5.o
         0          0          0          0          0          0   entry7b.o
         0          0          0          0          0          0   entry8b.o
         8          4          0          0          0          0   entry9a.o
        30          0          0          0          0          0   handlers.o
        36          8          0          0          0         68   init.o

    ----------------------------------------------------------------------
       182         16          0          0          0         68   Library Totals
         0          0          0          0          0          0   (incl. Padding)

    ----------------------------------------------------------------------

      Code (inc. data)   RO Data    RW Data    ZI Data      Debug   Library Name

       182         16          0          0          0         68   mc_w.l

    ----------------------------------------------------------------------
       182         16          0          0          0         68   Library Totals

    ----------------------------------------------------------------------

==============================================================================


      Code (inc. data)   RO Data    RW Data    ZI Data      Debug   

      2866        496        802       1516       1028      19614   Grand Totals
      2866        496        802        328       1028      19614   ELF Image Totals (compressed)
      2866        496        802        328          0          0   ROM Totals

==============================================================================

    Total RO  Size (Code + RO Data)                 3668 (   3.58kB)
    Total RW  Size (RW Data + ZI Data)              2544 (   2.48kB)
    Total ROM Size (Code + RO Data + RW Data)       3996 (   3.90kB)

==============================================================================

