ARM Linker, 5.03 [Build 76] [MDK-ARM Lite]

==============================================================================

Section Cross References

    startup.o(RESET) refers to startup.o(STACK) for StackMem
    startup.o(RESET) refers to music.o(.text) for Timer0A_Handler
    startup.o(RESET) refers to buttons.o(.text) for GPIOPortG_Handler
    startup.o(RESET) refers to entry.o(.ARM.Collect$$$$00000000) for __main
    pointertrafficlight.o(.text) refers to music.o(.text) for playSong
    pointertrafficlight.o(.text) refers to pll.o(.text) for PLL_Init
    pointertrafficlight.o(.text) refers to systick.o(.text) for SysTick_Init
    pointertrafficlight.o(.text) refers to buttons.o(.text) for buttonInit
    pointertrafficlight.o(.text) refers to dac.o(.text) for DAC_Init
    pointertrafficlight.o(.text) refers to pointertrafficlight.o(.constdata) for sineTable
    pointertrafficlight.o(.text) refers to pointertrafficlight.o(.data) for envelopeIndex
    buttons.o(.text) refers to buttons.o(.data) for selectFunction
    music.o(.text) refers to timer0a.o(.text) for Timer0A_Init
    music.o(.text) refers to dac.o(.text) for DAC_Out
    music.o(.text) refers to music.o(.data) for melodyOutput
    music.o(.text) refers to music.o(.constdata) for sinWaveTable
    entry.o(.ARM.Collect$$$$00000000) refers (Special) to entry10a.o(.ARM.Collect$$$$0000000D) for __rt_final_cpp
    entry.o(.ARM.Collect$$$$00000000) refers (Special) to entry11a.o(.ARM.Collect$$$$0000000F) for __rt_final_exit
    entry.o(.ARM.Collect$$$$00000000) refers (Special) to entry7b.o(.ARM.Collect$$$$00000008) for _main_clock
    entry.o(.ARM.Collect$$$$00000000) refers (Special) to entry8b.o(.ARM.Collect$$$$0000000A) for _main_cpp_init
    entry.o(.ARM.Collect$$$$00000000) refers (Special) to entry9a.o(.ARM.Collect$$$$0000000B) for _main_init
    entry.o(.ARM.Collect$$$$00000000) refers (Special) to entry5.o(.ARM.Collect$$$$00000004) for _main_scatterload
    entry.o(.ARM.Collect$$$$00000000) refers (Special) to entry2.o(.ARM.Collect$$$$00000001) for _main_stk
    entry2.o(.ARM.Collect$$$$00000001) refers to entry2.o(.ARM.Collect$$$$00002712) for __lit__00000000
    entry2.o(.ARM.Collect$$$$00002712) refers to startup.o(STACK) for __initial_sp
    entry2.o(__vectab_stack_and_reset_area) refers to startup.o(STACK) for __initial_sp
    entry2.o(__vectab_stack_and_reset_area) refers to entry.o(.ARM.Collect$$$$00000000) for __main
    entry5.o(.ARM.Collect$$$$00000004) refers to init.o(.text) for __scatterload
    entry9a.o(.ARM.Collect$$$$0000000B) refers to pointertrafficlight.o(.text) for main
    entry9b.o(.ARM.Collect$$$$0000000C) refers to pointertrafficlight.o(.text) for main
    init.o(.text) refers to entry5.o(.ARM.Collect$$$$00000004) for __main_after_scatterload


==============================================================================

Removing Unused input sections from the image.

    Removing startup.o(HEAP), (0 bytes).
    Removing startup.o(.text), (28 bytes).
    Removing timer0a.o(.data), (4 bytes).

3 unused section(s) (total 32 bytes) removed from the image.

==============================================================================

Image Symbol Table

    Local Symbols

    Symbol Name                              Value     Ov Type        Size  Object(Section)

    RESET                                    0x00000000   Section      280  startup.o(RESET)
    ../clib/../cmprslib/lz77c.c              0x00000000   Number         0  __dclz77c.o ABSOLUTE
    ../clib/microlib/init/entry.s            0x00000000   Number         0  entry7b.o ABSOLUTE
    ../clib/microlib/init/entry.s            0x00000000   Number         0  entry8a.o ABSOLUTE
    ../clib/microlib/init/entry.s            0x00000000   Number         0  entry.o ABSOLUTE
    ../clib/microlib/init/entry.s            0x00000000   Number         0  entry7a.o ABSOLUTE
    ../clib/microlib/init/entry.s            0x00000000   Number         0  entry5.o ABSOLUTE
    ../clib/microlib/init/entry.s            0x00000000   Number         0  entry2.o ABSOLUTE
    ../clib/microlib/init/entry.s            0x00000000   Number         0  entry11b.o ABSOLUTE
    ../clib/microlib/init/entry.s            0x00000000   Number         0  entry11a.o ABSOLUTE
    ../clib/microlib/init/entry.s            0x00000000   Number         0  entry10b.o ABSOLUTE
    ../clib/microlib/init/entry.s            0x00000000   Number         0  entry10a.o ABSOLUTE
    ../clib/microlib/init/entry.s            0x00000000   Number         0  entry9b.o ABSOLUTE
    ../clib/microlib/init/entry.s            0x00000000   Number         0  entry9a.o ABSOLUTE
    ../clib/microlib/init/entry.s            0x00000000   Number         0  entry8b.o ABSOLUTE
    DAC.c                                    0x00000000   Number         0  dac.o ABSOLUTE
    PLL.c                                    0x00000000   Number         0  pll.o ABSOLUTE
    PointerTrafficLight.c                    0x00000000   Number         0  pointertrafficlight.o ABSOLUTE
    Startup.s                                0x00000000   Number         0  startup.o ABSOLUTE
    SysTick.c                                0x00000000   Number         0  systick.o ABSOLUTE
    Timer0A.c                                0x00000000   Number         0  timer0a.o ABSOLUTE
    buttons.c                                0x00000000   Number         0  buttons.o ABSOLUTE
    dc.s                                     0x00000000   Number         0  dc.o ABSOLUTE
    handlers.s                               0x00000000   Number         0  handlers.o ABSOLUTE
    init.s                                   0x00000000   Number         0  init.o ABSOLUTE
    music.c                                  0x00000000   Number         0  music.o ABSOLUTE
    .ARM.Collect$$$$00000000                 0x00000118   Section        0  entry.o(.ARM.Collect$$$$00000000)
    .ARM.Collect$$$$00000001                 0x00000118   Section        4  entry2.o(.ARM.Collect$$$$00000001)
    .ARM.Collect$$$$00000004                 0x0000011c   Section        4  entry5.o(.ARM.Collect$$$$00000004)
    .ARM.Collect$$$$00000008                 0x00000120   Section        0  entry7b.o(.ARM.Collect$$$$00000008)
    .ARM.Collect$$$$0000000A                 0x00000120   Section        0  entry8b.o(.ARM.Collect$$$$0000000A)
    .ARM.Collect$$$$0000000B                 0x00000120   Section        8  entry9a.o(.ARM.Collect$$$$0000000B)
    .ARM.Collect$$$$0000000D                 0x00000128   Section        0  entry10a.o(.ARM.Collect$$$$0000000D)
    .ARM.Collect$$$$0000000F                 0x00000128   Section        0  entry11a.o(.ARM.Collect$$$$0000000F)
    .ARM.Collect$$$$00002712                 0x00000128   Section        4  entry2.o(.ARM.Collect$$$$00002712)
    __lit__00000000                          0x00000128   Data           4  entry2.o(.ARM.Collect$$$$00002712)
    .text                                    0x0000012c   Section        0  pointertrafficlight.o(.text)
    .text                                    0x0000028c   Section        0  systick.o(.text)
    .text                                    0x000002e0   Section        0  pll.o(.text)
    .text                                    0x00000360   Section        0  buttons.o(.text)
    .text                                    0x000004e8   Section        0  music.o(.text)
    .text                                    0x0000086c   Section        0  dac.o(.text)
    .text                                    0x00000970   Section        0  timer0a.o(.text)
    .text                                    0x00000c04   Section       36  init.o(.text)
    .text                                    0x00000c28   Section        0  __dclz77c.o(.text)
    i.__scatterload_copy                     0x00000c88   Section       14  handlers.o(i.__scatterload_copy)
    i.__scatterload_null                     0x00000c96   Section        2  handlers.o(i.__scatterload_null)
    i.__scatterload_zeroinit                 0x00000c98   Section       14  handlers.o(i.__scatterload_zeroinit)
    .constdata                               0x00000ca6   Section      256  pointertrafficlight.o(.constdata)
    .constdata                               0x00000da6   Section      256  music.o(.constdata)
    .data                                    0x20000000   Section     1472  pointertrafficlight.o(.data)
    .data                                    0x200005c0   Section       12  buttons.o(.data)
    .data                                    0x200005cc   Section       92  music.o(.data)
    STACK                                    0x20000628   Section     1024  startup.o(STACK)
    StackMem                                 0x20000628   Data           0  startup.o(STACK)

    Global Symbols

    Symbol Name                              Value     Ov Type        Size  Object(Section)

    BuildAttributes$$THM_ISAv4$P$D$K$B$S$PE$A:L22UL41UL21$X:L11$S22US41US21$IEEE1$IW$USESV6$~STKCKD$USESV7$~SHL$OSPACE$EBA8$MICROLIB$REQ8$PRES8$EABIv2 0x00000000   Number         0  anon$$obj.o ABSOLUTE
    __ARM_use_no_argv                        0x00000000   Number         0  pointertrafficlight.o ABSOLUTE
    __Vectors                                0x00000000   Data           0  startup.o(RESET)
    __cpp_initialize__aeabi_                  - Undefined Weak Reference
    __cxa_finalize                            - Undefined Weak Reference
    _clock_init                               - Undefined Weak Reference
    _microlib_exit                            - Undefined Weak Reference
    Reset_Handler                            0x00000101   Thumb Code     0  startup.o(RESET)
    NMI_Handler                              0x00000105   Thumb Code     2  startup.o(RESET)
    HardFault_Handler                        0x00000107   Thumb Code     2  startup.o(RESET)
    MemManage_Handler                        0x00000109   Thumb Code     2  startup.o(RESET)
    BusFault_Handler                         0x0000010b   Thumb Code     2  startup.o(RESET)
    UsageFault_Handler                       0x0000010d   Thumb Code     2  startup.o(RESET)
    SVC_Handler                              0x0000010f   Thumb Code     2  startup.o(RESET)
    DebugMon_Handler                         0x00000111   Thumb Code     2  startup.o(RESET)
    PendSV_Handler                           0x00000113   Thumb Code     2  startup.o(RESET)
    SysTick_Handler                          0x00000115   Thumb Code     2  startup.o(RESET)
    ADC0_Handler                             0x00000117   Thumb Code     0  startup.o(RESET)
    ADC1_Handler                             0x00000117   Thumb Code     0  startup.o(RESET)
    ADC2_Handler                             0x00000117   Thumb Code     0  startup.o(RESET)
    ADC3_Handler                             0x00000117   Thumb Code     0  startup.o(RESET)
    CAN0_Handler                             0x00000117   Thumb Code     0  startup.o(RESET)
    CAN1_Handler                             0x00000117   Thumb Code     0  startup.o(RESET)
    CAN2_Handler                             0x00000117   Thumb Code     0  startup.o(RESET)
    Comp0_Handler                            0x00000117   Thumb Code     0  startup.o(RESET)
    Comp1_Handler                            0x00000117   Thumb Code     0  startup.o(RESET)
    Comp2_Handler                            0x00000117   Thumb Code     0  startup.o(RESET)
    Ethernet_Handler                         0x00000117   Thumb Code     0  startup.o(RESET)
    FlashCtl_Handler                         0x00000117   Thumb Code     0  startup.o(RESET)
    GPIOPortA_Handler                        0x00000117   Thumb Code     0  startup.o(RESET)
    GPIOPortB_Handler                        0x00000117   Thumb Code     0  startup.o(RESET)
    GPIOPortC_Handler                        0x00000117   Thumb Code     0  startup.o(RESET)
    GPIOPortD_Handler                        0x00000117   Thumb Code     0  startup.o(RESET)
    GPIOPortE_Handler                        0x00000117   Thumb Code     0  startup.o(RESET)
    GPIOPortF_Handler                        0x00000117   Thumb Code     0  startup.o(RESET)
    GPIOPortH_Handler                        0x00000117   Thumb Code     0  startup.o(RESET)
    Hibernate_Handler                        0x00000117   Thumb Code     0  startup.o(RESET)
    I2C0_Handler                             0x00000117   Thumb Code     0  startup.o(RESET)
    I2C1_Handler                             0x00000117   Thumb Code     0  startup.o(RESET)
    PWM0_Handler                             0x00000117   Thumb Code     0  startup.o(RESET)
    PWM1_Handler                             0x00000117   Thumb Code     0  startup.o(RESET)
    PWM2_Handler                             0x00000117   Thumb Code     0  startup.o(RESET)
    PWM3_Handler                             0x00000117   Thumb Code     0  startup.o(RESET)
    PWMFault_Handler                         0x00000117   Thumb Code     0  startup.o(RESET)
    Quadrature0_Handler                      0x00000117   Thumb Code     0  startup.o(RESET)
    Quadrature1_Handler                      0x00000117   Thumb Code     0  startup.o(RESET)
    SSI0_Handler                             0x00000117   Thumb Code     0  startup.o(RESET)
    SSI1_Handler                             0x00000117   Thumb Code     0  startup.o(RESET)
    SysCtl_Handler                           0x00000117   Thumb Code     0  startup.o(RESET)
    Timer0B_Handler                          0x00000117   Thumb Code     0  startup.o(RESET)
    Timer1B_Handler                          0x00000117   Thumb Code     0  startup.o(RESET)
    Timer2B_Handler                          0x00000117   Thumb Code     0  startup.o(RESET)
    Timer3A_Handler                          0x00000117   Thumb Code     0  startup.o(RESET)
    Timer3B_Handler                          0x00000117   Thumb Code     0  startup.o(RESET)
    UART0_Handler                            0x00000117   Thumb Code     0  startup.o(RESET)
    UART1_Handler                            0x00000117   Thumb Code     0  startup.o(RESET)
    UART2_Handler                            0x00000117   Thumb Code     0  startup.o(RESET)
    USB0_Handler                             0x00000117   Thumb Code     0  startup.o(RESET)
    WDT_Handler                              0x00000117   Thumb Code     0  startup.o(RESET)
    uDMA_Error                               0x00000117   Thumb Code     0  startup.o(RESET)
    uDMA_Handler                             0x00000117   Thumb Code     0  startup.o(RESET)
    __main                                   0x00000119   Thumb Code     0  entry.o(.ARM.Collect$$$$00000000)
    _main_stk                                0x00000119   Thumb Code     0  entry2.o(.ARM.Collect$$$$00000001)
    _main_scatterload                        0x0000011d   Thumb Code     0  entry5.o(.ARM.Collect$$$$00000004)
    __main_after_scatterload                 0x00000121   Thumb Code     0  entry5.o(.ARM.Collect$$$$00000004)
    _main_clock                              0x00000121   Thumb Code     0  entry7b.o(.ARM.Collect$$$$00000008)
    _main_cpp_init                           0x00000121   Thumb Code     0  entry8b.o(.ARM.Collect$$$$0000000A)
    _main_init                               0x00000121   Thumb Code     0  entry9a.o(.ARM.Collect$$$$0000000B)
    __rt_final_cpp                           0x00000129   Thumb Code     0  entry10a.o(.ARM.Collect$$$$0000000D)
    __rt_final_exit                          0x00000129   Thumb Code     0  entry11a.o(.ARM.Collect$$$$0000000F)
    mountainEnvelope                         0x0000012d   Thumb Code    50  pointertrafficlight.o(.text)
    stacattoEnvelope                         0x0000015f   Thumb Code    12  pointertrafficlight.o(.text)
    simpleEnvelope                           0x0000016b   Thumb Code     2  pointertrafficlight.o(.text)
    wubEnvelope                              0x0000016d   Thumb Code    20  pointertrafficlight.o(.text)
    sinusoidalEnvelope                       0x00000181   Thumb Code    22  pointertrafficlight.o(.text)
    changeMode                               0x00000197   Thumb Code   130  pointertrafficlight.o(.text)
    main                                     0x00000219   Thumb Code    78  pointertrafficlight.o(.text)
    SysTick_Init                             0x0000028d   Thumb Code    24  systick.o(.text)
    SysTick_Wait                             0x000002a5   Thumb Code    32  systick.o(.text)
    SysTick_Wait10ms                         0x000002c5   Thumb Code    22  systick.o(.text)
    PLL_Init                                 0x000002e1   Thumb Code   124  pll.o(.text)
    doNothing                                0x00000361   Thumb Code     2  buttons.o(.text)
    buttonInit                               0x00000363   Thumb Code   162  buttons.o(.text)
    buttonEnableInterrupts                   0x00000405   Thumb Code    18  buttons.o(.text)
    buttonDisableInterrupts                  0x00000417   Thumb Code    18  buttons.o(.text)
    setSelectFunction                        0x00000429   Thumb Code     6  buttons.o(.text)
    setLeftFunction                          0x0000042f   Thumb Code     6  buttons.o(.text)
    setRightFunction                         0x00000435   Thumb Code     6  buttons.o(.text)
    GPIOPortG_Handler                        0x0000043b   Thumb Code   124  buttons.o(.text)
    musicInit                                0x000004e9   Thumb Code    58  music.o(.text)
    resumeSong                               0x00000523   Thumb Code     8  music.o(.text)
    pauseSong                                0x0000052b   Thumb Code     8  music.o(.text)
    startCurrentHarmonyNote                  0x00000533   Thumb Code   160  music.o(.text)
    startCurrentMelodyNote                   0x000005d3   Thumb Code   160  music.o(.text)
    rewindSong                               0x00000673   Thumb Code    54  music.o(.text)
    playSong                                 0x000006a9   Thumb Code    30  music.o(.text)
    pauseResumeSong                          0x000006c7   Thumb Code    20  music.o(.text)
    Timer0A_Handler                          0x000006db   Thumb Code    44  music.o(.text)
    Timer1A_Handler                          0x00000707   Thumb Code    44  music.o(.text)
    Timer2A_Handler                          0x00000733   Thumb Code   208  music.o(.text)
    DAC_Init                                 0x0000086d   Thumb Code   188  dac.o(.text)
    DAC_Out                                  0x00000929   Thumb Code    34  dac.o(.text)
    Timer0A_Init                             0x00000971   Thumb Code   112  timer0a.o(.text)
    Timer0A_Enable_Interrupts                0x000009e1   Thumb Code    22  timer0a.o(.text)
    Timer0A_Disable_Interrupts               0x000009f7   Thumb Code    18  timer0a.o(.text)
    Timer1A_Init                             0x00000a09   Thumb Code   116  timer0a.o(.text)
    Timer1A_Enable_Interrupts                0x00000a7d   Thumb Code    22  timer0a.o(.text)
    Timer1A_Disable_Interrupts               0x00000a93   Thumb Code    20  timer0a.o(.text)
    Timer2A_Init                             0x00000aa7   Thumb Code   116  timer0a.o(.text)
    Timer2A_Enable_Interrupts                0x00000b1b   Thumb Code    22  timer0a.o(.text)
    Timer2A_Disable_Interrupts               0x00000b31   Thumb Code    18  timer0a.o(.text)
    Timer3A_Init                             0x00000b43   Thumb Code   116  timer0a.o(.text)
    Timer3A_Enable_Interrupts                0x00000bb7   Thumb Code    22  timer0a.o(.text)
    Timer3A_Disable_Interrupts               0x00000bcd   Thumb Code    18  timer0a.o(.text)
    __scatterload                            0x00000c05   Thumb Code    28  init.o(.text)
    __scatterload_rt2                        0x00000c05   Thumb Code     0  init.o(.text)
    __decompress                             0x00000c29   Thumb Code     0  __dclz77c.o(.text)
    __decompress2                            0x00000c29   Thumb Code    96  __dclz77c.o(.text)
    __scatterload_copy                       0x00000c89   Thumb Code    14  handlers.o(i.__scatterload_copy)
    __scatterload_null                       0x00000c97   Thumb Code     2  handlers.o(i.__scatterload_null)
    __scatterload_zeroinit                   0x00000c99   Thumb Code    14  handlers.o(i.__scatterload_zeroinit)
    sineTable                                0x00000ca6   Data         256  pointertrafficlight.o(.constdata)
    sinWaveTable                             0x00000da6   Data         256  music.o(.constdata)
    Region$$Table$$Base                      0x00000ea8   Number         0  anon$$obj.o(Region$$Table)
    Region$$Table$$Limit                     0x00000ec8   Number         0  anon$$obj.o(Region$$Table)
    Part1Frequencies                         0x20000000   Data         432  pointertrafficlight.o(.data)
    Part1Durations                           0x200001b0   Data         432  pointertrafficlight.o(.data)
    Part1Length                              0x20000360   Data           4  pointertrafficlight.o(.data)
    Part2Frequencies                         0x20000364   Data         144  pointertrafficlight.o(.data)
    Part2Durations                           0x200003f4   Data         144  pointertrafficlight.o(.data)
    Part2Length                              0x20000484   Data           4  pointertrafficlight.o(.data)
    trebleFrequencies                        0x20000488   Data          64  pointertrafficlight.o(.data)
    trebleDurations                          0x200004c8   Data          64  pointertrafficlight.o(.data)
    trebleLength                             0x20000508   Data           4  pointertrafficlight.o(.data)
    envelopeIndex                            0x2000050c   Data           4  pointertrafficlight.o(.data)
    beautyEnvelope                           0x20000510   Data          60  pointertrafficlight.o(.data)
    bassFrequencies                          0x2000054c   Data          12  pointertrafficlight.o(.data)
    bassDurations                            0x20000558   Data          12  pointertrafficlight.o(.data)
    bassLength                               0x20000564   Data           4  pointertrafficlight.o(.data)
    starWars                                 0x20000568   Data          24  pointertrafficlight.o(.data)
    throneGames                              0x20000580   Data          24  pointertrafficlight.o(.data)
    testFrequencies                          0x20000598   Data           4  pointertrafficlight.o(.data)
    testDurations                            0x2000059c   Data           4  pointertrafficlight.o(.data)
    emptyFrequencies                         0x200005a0   Data           4  pointertrafficlight.o(.data)
    emptyDurations                           0x200005a4   Data           4  pointertrafficlight.o(.data)
    test                                     0x200005a8   Data          24  pointertrafficlight.o(.data)
    selectFunction                           0x200005c0   Data           4  buttons.o(.data)
    leftFunction                             0x200005c4   Data           4  buttons.o(.data)
    rightFunction                            0x200005c8   Data           4  buttons.o(.data)
    melodyOutput                             0x200005cc   Data           2  music.o(.data)
    melodyEnabled                            0x200005d0   Data           4  music.o(.data)
    melodySineIndex                          0x200005d4   Data           4  music.o(.data)
    melodyTime                               0x200005d8   Data           4  music.o(.data)
    melodyTimerPeriod                        0x200005dc   Data           2  music.o(.data)
    melodyFinished                           0x200005e0   Data           4  music.o(.data)
    harmonyOutput                            0x200005e4   Data           2  music.o(.data)
    harmonyEnabled                           0x200005e8   Data           4  music.o(.data)
    harmonySineIndex                         0x200005ec   Data           4  music.o(.data)
    harmonyTime                              0x200005f0   Data           4  music.o(.data)
    harmonyTimerPeriod                       0x200005f4   Data           2  music.o(.data)
    harmonyFinished                          0x200005f8   Data           4  music.o(.data)
    numberInterrupts                         0x200005fc   Data           4  music.o(.data)
    currentMelodyNote                        0x20000600   Data           4  music.o(.data)
    nextMelodyNote                           0x20000604   Data           4  music.o(.data)
    currentHarmonyNote                       0x20000608   Data           4  music.o(.data)
    nextHarmonyNote                          0x2000060c   Data           4  music.o(.data)
    harmonyNoteIndex                         0x20000610   Data           4  music.o(.data)
    melodyNoteIndex                          0x20000614   Data           4  music.o(.data)
    paused                                   0x20000618   Data           4  music.o(.data)
    beatsPerMinute                           0x2000061c   Data           4  music.o(.data)
    currentSong                              0x20000620   Data           4  music.o(.data)
    currentEnvelope                          0x20000624   Data           4  music.o(.data)
    __initial_sp                             0x20000a28   Data           0  startup.o(STACK)



==============================================================================

Memory Map of the image

  Image Entry point : 0x00000101

  Load Region LR_1 (Base: 0x00000000, Size: 0x000014f0, Max: 0xffffffff, ABSOLUTE, COMPRESSED[0x00001010])

    Execution Region ER_RO (Base: 0x00000000, Size: 0x00000ec8, Max: 0xffffffff, ABSOLUTE)

    Base Addr    Size         Type   Attr      Idx    E Section Name        Object

    0x00000000   0x00000118   Code   RO            3  * RESET               startup.o
    0x00000118   0x00000000   Code   RO          113  * .ARM.Collect$$$$00000000  mc_w.l(entry.o)
    0x00000118   0x00000004   Code   RO          116    .ARM.Collect$$$$00000001  mc_w.l(entry2.o)
    0x0000011c   0x00000004   Code   RO          119    .ARM.Collect$$$$00000004  mc_w.l(entry5.o)
    0x00000120   0x00000000   Code   RO          121    .ARM.Collect$$$$00000008  mc_w.l(entry7b.o)
    0x00000120   0x00000000   Code   RO          123    .ARM.Collect$$$$0000000A  mc_w.l(entry8b.o)
    0x00000120   0x00000008   Code   RO          124    .ARM.Collect$$$$0000000B  mc_w.l(entry9a.o)
    0x00000128   0x00000000   Code   RO          126    .ARM.Collect$$$$0000000D  mc_w.l(entry10a.o)
    0x00000128   0x00000000   Code   RO          128    .ARM.Collect$$$$0000000F  mc_w.l(entry11a.o)
    0x00000128   0x00000004   Code   RO          117    .ARM.Collect$$$$00002712  mc_w.l(entry2.o)
    0x0000012c   0x00000160   Code   RO           12    .text               pointertrafficlight.o
    0x0000028c   0x00000054   Code   RO           31    .text               systick.o
    0x000002e0   0x00000080   Code   RO           43    .text               pll.o
    0x00000360   0x00000188   Code   RO           55    .text               buttons.o
    0x000004e8   0x00000384   Code   RO           70    .text               music.o
    0x0000086c   0x00000104   Code   RO           86    .text               dac.o
    0x00000970   0x00000294   Code   RO           98    .text               timer0a.o
    0x00000c04   0x00000024   Code   RO          130    .text               mc_w.l(init.o)
    0x00000c28   0x00000060   Code   RO          140    .text               mc_w.l(__dclz77c.o)
    0x00000c88   0x0000000e   Code   RO          134    i.__scatterload_copy  mc_w.l(handlers.o)
    0x00000c96   0x00000002   Code   RO          135    i.__scatterload_null  mc_w.l(handlers.o)
    0x00000c98   0x0000000e   Code   RO          136    i.__scatterload_zeroinit  mc_w.l(handlers.o)
    0x00000ca6   0x00000100   Data   RO           13    .constdata          pointertrafficlight.o
    0x00000da6   0x00000100   Data   RO           71    .constdata          music.o
    0x00000ea6   0x00000002   PAD
    0x00000ea8   0x00000020   Data   RO          132    Region$$Table       anon$$obj.o


    Execution Region ER_RW (Base: 0x20000000, Size: 0x00000628, Max: 0xffffffff, ABSOLUTE, COMPRESSED[0x00000148])

    Base Addr    Size         Type   Attr      Idx    E Section Name        Object

    0x20000000   0x000005c0   Data   RW           14    .data               pointertrafficlight.o
    0x200005c0   0x0000000c   Data   RW           56    .data               buttons.o
    0x200005cc   0x0000005c   Data   RW           72    .data               music.o


    Execution Region ER_ZI (Base: 0x20000628, Size: 0x00000400, Max: 0xffffffff, ABSOLUTE)

    Base Addr    Size         Type   Attr      Idx    E Section Name        Object

    0x20000628   0x00000400   Zero   RW            1    STACK               startup.o


==============================================================================

Image component sizes


      Code (inc. data)   RO Data    RW Data    ZI Data      Debug   Object Name

       392         50          0         12          0       3147   buttons.o
       260         38          0          0          0        655   dac.o
       900        106        256         92          0       4387   music.o
       128          4          0          0          0        371   pll.o
       352         38        256       1472          0       7507   pointertrafficlight.o
       280        256          0          0       1024        680   startup.o
        84          6          0          0          0        813   systick.o
       660         38          0          0          0       2298   timer0a.o

    ----------------------------------------------------------------------
      3056        536        546       1576       1024      19858   Object Totals
         0          0         32          0          0          0   (incl. Generated)
         0          0          2          0          0          0   (incl. Padding)

    ----------------------------------------------------------------------

      Code (inc. data)   RO Data    RW Data    ZI Data      Debug   Library Member Name

        96          0          0          0          0          0   __dclz77c.o
         0          0          0          0          0          0   entry.o
         0          0          0          0          0          0   entry10a.o
         0          0          0          0          0          0   entry11a.o
         8          4          0          0          0          0   entry2.o
         4          0          0          0          0          0   entry5.o
         0          0          0          0          0          0   entry7b.o
         0          0          0          0          0          0   entry8b.o
         8          4          0          0          0          0   entry9a.o
        30          0          0          0          0          0   handlers.o
        36          8          0          0          0         68   init.o

    ----------------------------------------------------------------------
       182         16          0          0          0         68   Library Totals
         0          0          0          0          0          0   (incl. Padding)

    ----------------------------------------------------------------------

      Code (inc. data)   RO Data    RW Data    ZI Data      Debug   Library Name

       182         16          0          0          0         68   mc_w.l

    ----------------------------------------------------------------------
       182         16          0          0          0         68   Library Totals

    ----------------------------------------------------------------------

==============================================================================


      Code (inc. data)   RO Data    RW Data    ZI Data      Debug   

      3238        552        546       1576       1024      19302   Grand Totals
      3238        552        546        328       1024      19302   ELF Image Totals (compressed)
      3238        552        546        328          0          0   ROM Totals

==============================================================================

    Total RO  Size (Code + RO Data)                 3784 (   3.70kB)
    Total RW  Size (RW Data + ZI Data)              2600 (   2.54kB)
    Total ROM Size (Code + RO Data + RW Data)       4112 (   4.02kB)

==============================================================================

