ARM Linker, 5.03 [Build 76] [MDK-ARM Lite]

==============================================================================

Section Cross References

    startup.o(STACK) refers (Special) to heapauxi.o(.text) for __use_two_region_memory
    startup.o(HEAP) refers (Special) to heapauxi.o(.text) for __use_two_region_memory
    startup.o(RESET) refers (Special) to heapauxi.o(.text) for __use_two_region_memory
    startup.o(RESET) refers to startup.o(STACK) for StackMem
    startup.o(RESET) refers to logotestmain.o(.text) for SysTick_Handler
    startup.o(RESET) refers to buttons.o(.text) for GPIOPortG_Handler
    startup.o(RESET) refers to __main.o(!!!main) for __main
    startup.o(.text) refers (Special) to heapauxi.o(.text) for __use_two_region_memory
    startup.o(.text) refers to startup.o(HEAP) for HeapMem
    startup.o(.text) refers to startup.o(STACK) for StackMem
    rit128x96x4.o(.text) refers to ssi.o(i.SSIBusy) for SSIBusy
    rit128x96x4.o(.text) refers to gpio.o(i.GPIOPinWrite) for GPIOPinWrite
    rit128x96x4.o(.text) refers to ssi.o(i.SSIDataPut) for SSIDataPut
    rit128x96x4.o(.text) refers to ssi.o(i.SSIDisable) for SSIDisable
    rit128x96x4.o(.text) refers to sysctl.o(i.SysCtlClockGet) for SysCtlClockGet
    rit128x96x4.o(.text) refers to ssi.o(i.SSIConfigSetExpClk) for SSIConfigSetExpClk
    rit128x96x4.o(.text) refers to gpio.o(i.GPIOPinTypeSSI) for GPIOPinTypeSSI
    rit128x96x4.o(.text) refers to gpio.o(i.GPIOPadConfigSet) for GPIOPadConfigSet
    rit128x96x4.o(.text) refers to ssi.o(i.SSIEnable) for SSIEnable
    rit128x96x4.o(.text) refers to ssi.o(i.SSIDataGetNonBlocking) for SSIDataGetNonBlocking
    rit128x96x4.o(.text) refers to gpio.o(i.GPIOPinTypeGPIOOutput) for GPIOPinTypeGPIOOutput
    rit128x96x4.o(.text) refers to sysctl.o(i.SysCtlPeripheralEnable) for SysCtlPeripheralEnable
    rit128x96x4.o(.text) refers to rit128x96x4.o(.data) for g_ulSSIFlags
    rit128x96x4.o(.text) refers to rit128x96x4.o(.constdata) for pucCommand1
    logotestmain.o(.text) refers to clockoled.o(.text) for RIT128x96x4_ClearImage
    logotestmain.o(.text) refers to speaker.o(.text) for PWM0_Init
    logotestmain.o(.text) refers to timing.o(.emb_text) for Delay
    logotestmain.o(.text) refers to buttons.o(.text) for getSelectPress
    logotestmain.o(.text) refers to sysctl.o(i.SysCtlClockSet) for SysCtlClockSet
    logotestmain.o(.text) refers to rit128x96x4.o(.text) for RIT128x96x4Init
    logotestmain.o(.text) refers to timing.o(.text) for timerTickInit
    logotestmain.o(.text) refers to logotestmain.o(.data) for clockTime
    logotestmain.o(.data) refers to menu.o(.text) for alarmSet
    clockoled.o(.text) refers to _printf_pad.o(.text) for _printf_pre_padding
    clockoled.o(.text) refers to _printf_percent.o(.ARM.Collect$$_printf_percent$$00000000) for _printf_percent
    clockoled.o(.text) refers to _printf_u.o(.ARM.Collect$$_printf_percent$$0000000A) for _printf_u
    clockoled.o(.text) refers to _printf_dec.o(.text) for _printf_int_dec
    clockoled.o(.text) refers to rit128x96x4.o(.text) for RIT128x96x4ImageDraw
    clockoled.o(.text) refers to noretval__2sprintf.o(.text) for __2sprintf
    clockoled.o(.text) refers to clockoled.o(.bss) for bitmap
    clockoled.o(.text) refers to clockoled.o(.data) for prevXVal
    clockoled.o(.text) refers to clockoled.o(.constdata) for clock2
    buttons.o(.text) refers to timing.o(.emb_text) for Delay
    buttons.o(.text) refers to buttons.o(.data) for upPressed
    menu.o(.text) refers to clockoled.o(.text) for RIT128x96x4_ClearImage
    menu.o(.text) refers to buttons.o(.text) for getLeftPress
    menu.o(.text) refers to logotestmain.o(.data) for mode
    menu.o(.text) refers to menu.o(.data) for TimeSetMenu
    gpio.o(i.GPIOPinConfigure) refers to gpio.o(.constdata) for .constdata
    gpio.o(i.GPIOPinTypeADC) refers to gpio.o(i.GPIODirModeSet) for GPIODirModeSet
    gpio.o(i.GPIOPinTypeADC) refers to gpio.o(i.GPIOPadConfigSet) for GPIOPadConfigSet
    gpio.o(i.GPIOPinTypeCAN) refers to gpio.o(i.GPIODirModeSet) for GPIODirModeSet
    gpio.o(i.GPIOPinTypeCAN) refers to gpio.o(i.GPIOPadConfigSet) for GPIOPadConfigSet
    gpio.o(i.GPIOPinTypeComparator) refers to gpio.o(i.GPIODirModeSet) for GPIODirModeSet
    gpio.o(i.GPIOPinTypeComparator) refers to gpio.o(i.GPIOPadConfigSet) for GPIOPadConfigSet
    gpio.o(i.GPIOPinTypeEPI) refers to gpio.o(i.GPIODirModeSet) for GPIODirModeSet
    gpio.o(i.GPIOPinTypeEPI) refers to gpio.o(i.GPIOPadConfigSet) for GPIOPadConfigSet
    gpio.o(i.GPIOPinTypeEthernetLED) refers to gpio.o(i.GPIODirModeSet) for GPIODirModeSet
    gpio.o(i.GPIOPinTypeEthernetLED) refers to gpio.o(i.GPIOPadConfigSet) for GPIOPadConfigSet
    gpio.o(i.GPIOPinTypeGPIOInput) refers to gpio.o(i.GPIODirModeSet) for GPIODirModeSet
    gpio.o(i.GPIOPinTypeGPIOInput) refers to gpio.o(i.GPIOPadConfigSet) for GPIOPadConfigSet
    gpio.o(i.GPIOPinTypeGPIOOutput) refers to gpio.o(i.GPIODirModeSet) for GPIODirModeSet
    gpio.o(i.GPIOPinTypeGPIOOutput) refers to gpio.o(i.GPIOPadConfigSet) for GPIOPadConfigSet
    gpio.o(i.GPIOPinTypeGPIOOutputOD) refers to gpio.o(i.GPIODirModeSet) for GPIODirModeSet
    gpio.o(i.GPIOPinTypeGPIOOutputOD) refers to gpio.o(i.GPIOPadConfigSet) for GPIOPadConfigSet
    gpio.o(i.GPIOPinTypeI2C) refers to gpio.o(i.GPIODirModeSet) for GPIODirModeSet
    gpio.o(i.GPIOPinTypeI2C) refers to gpio.o(i.GPIOPadConfigSet) for GPIOPadConfigSet
    gpio.o(i.GPIOPinTypeI2S) refers to gpio.o(i.GPIODirModeSet) for GPIODirModeSet
    gpio.o(i.GPIOPinTypeI2S) refers to gpio.o(i.GPIOPadConfigSet) for GPIOPadConfigSet
    gpio.o(i.GPIOPinTypePWM) refers to gpio.o(i.GPIODirModeSet) for GPIODirModeSet
    gpio.o(i.GPIOPinTypePWM) refers to gpio.o(i.GPIOPadConfigSet) for GPIOPadConfigSet
    gpio.o(i.GPIOPinTypeQEI) refers to gpio.o(i.GPIODirModeSet) for GPIODirModeSet
    gpio.o(i.GPIOPinTypeQEI) refers to gpio.o(i.GPIOPadConfigSet) for GPIOPadConfigSet
    gpio.o(i.GPIOPinTypeSSI) refers to gpio.o(i.GPIODirModeSet) for GPIODirModeSet
    gpio.o(i.GPIOPinTypeSSI) refers to gpio.o(i.GPIOPadConfigSet) for GPIOPadConfigSet
    gpio.o(i.GPIOPinTypeTimer) refers to gpio.o(i.GPIODirModeSet) for GPIODirModeSet
    gpio.o(i.GPIOPinTypeTimer) refers to gpio.o(i.GPIOPadConfigSet) for GPIOPadConfigSet
    gpio.o(i.GPIOPinTypeUART) refers to gpio.o(i.GPIODirModeSet) for GPIODirModeSet
    gpio.o(i.GPIOPinTypeUART) refers to gpio.o(i.GPIOPadConfigSet) for GPIOPadConfigSet
    gpio.o(i.GPIOPinTypeUSBAnalog) refers to gpio.o(i.GPIODirModeSet) for GPIODirModeSet
    gpio.o(i.GPIOPinTypeUSBAnalog) refers to gpio.o(i.GPIOPadConfigSet) for GPIOPadConfigSet
    gpio.o(i.GPIOPinTypeUSBDigital) refers to gpio.o(i.GPIODirModeSet) for GPIODirModeSet
    gpio.o(i.GPIOPinTypeUSBDigital) refers to gpio.o(i.GPIOPadConfigSet) for GPIOPadConfigSet
    gpio.o(i.GPIOPortIntRegister) refers to gpio.o(i.GPIOGetIntNumber) for GPIOGetIntNumber
    gpio.o(i.GPIOPortIntRegister) refers to interrupt.o(i.IntRegister) for IntRegister
    gpio.o(i.GPIOPortIntRegister) refers to interrupt.o(i.IntEnable) for IntEnable
    gpio.o(i.GPIOPortIntUnregister) refers to gpio.o(i.GPIOGetIntNumber) for GPIOGetIntNumber
    gpio.o(i.GPIOPortIntUnregister) refers to interrupt.o(i.IntDisable) for IntDisable
    gpio.o(i.GPIOPortIntUnregister) refers to interrupt.o(i.IntUnregister) for IntUnregister
    ssi.o(i.SSIIntRegister) refers to interrupt.o(i.IntRegister) for IntRegister
    ssi.o(i.SSIIntRegister) refers to interrupt.o(i.IntEnable) for IntEnable
    ssi.o(i.SSIIntUnregister) refers to interrupt.o(i.IntDisable) for IntDisable
    ssi.o(i.SSIIntUnregister) refers to interrupt.o(i.IntUnregister) for IntUnregister
    sysctl.o(i.SysCtlClockGet) refers to sysctl.o(.constdata) for .constdata
    sysctl.o(i.SysCtlClockSet) refers to sysctl.o(.emb_text) for SysCtlDelay
    sysctl.o(i.SysCtlDeepSleep) refers to cpu.o(.emb_text) for CPUwfi
    sysctl.o(i.SysCtlI2SMClkSet) refers to sysctl.o(.constdata) for .constdata
    sysctl.o(i.SysCtlIntRegister) refers to interrupt.o(i.IntRegister) for IntRegister
    sysctl.o(i.SysCtlIntRegister) refers to interrupt.o(i.IntEnable) for IntEnable
    sysctl.o(i.SysCtlIntUnregister) refers to interrupt.o(i.IntDisable) for IntDisable
    sysctl.o(i.SysCtlIntUnregister) refers to interrupt.o(i.IntUnregister) for IntUnregister
    sysctl.o(i.SysCtlPeripheralDeepSleepDisable) refers to sysctl.o(.constdata) for .constdata
    sysctl.o(i.SysCtlPeripheralDeepSleepEnable) refers to sysctl.o(.constdata) for .constdata
    sysctl.o(i.SysCtlPeripheralDisable) refers to sysctl.o(.constdata) for .constdata
    sysctl.o(i.SysCtlPeripheralEnable) refers to sysctl.o(.constdata) for .constdata
    sysctl.o(i.SysCtlPeripheralPresent) refers to sysctl.o(.constdata) for .constdata
    sysctl.o(i.SysCtlPeripheralReset) refers to sysctl.o(.constdata) for .constdata
    sysctl.o(i.SysCtlPeripheralSleepDisable) refers to sysctl.o(.constdata) for .constdata
    sysctl.o(i.SysCtlPeripheralSleepEnable) refers to sysctl.o(.constdata) for .constdata
    sysctl.o(i.SysCtlSleep) refers to cpu.o(.emb_text) for CPUwfi
    interrupt.o(i.IntMasterDisable) refers to cpu.o(.emb_text) for CPUcpsid
    interrupt.o(i.IntMasterEnable) refers to cpu.o(.emb_text) for CPUcpsie
    interrupt.o(i.IntPriorityGet) refers to interrupt.o(.constdata) for .constdata
    interrupt.o(i.IntPriorityGroupingGet) refers to interrupt.o(.constdata) for .constdata
    interrupt.o(i.IntPriorityGroupingSet) refers to interrupt.o(.constdata) for .constdata
    interrupt.o(i.IntPrioritySet) refers to interrupt.o(.constdata) for .constdata
    interrupt.o(i.IntRegister) refers to interrupt.o(vtable) for vtable
    interrupt.o(i.IntUnregister) refers to interrupt.o(i.IntDefaultHandler) for IntDefaultHandler
    interrupt.o(i.IntUnregister) refers to interrupt.o(vtable) for vtable
    __2sprintf.o(.text) refers to _printf_char_common.o(.text) for _printf_char_common
    __2sprintf.o(.text) refers to _sputc.o(.text) for _sputc
    noretval__2sprintf.o(.text) refers to _printf_char_common.o(.text) for _printf_char_common
    noretval__2sprintf.o(.text) refers to _sputc.o(.text) for _sputc
    __printf.o(.text) refers to _printf_percent.o(.ARM.Collect$$_printf_percent$$00000000) for _printf_percent
    _printf_dec.o(.text) refers to _printf_intcommon.o(.text) for _printf_int_common
    __printf_flags.o(.text) refers to _printf_percent.o(.ARM.Collect$$_printf_percent$$00000000) for _printf_percent
    __printf_flags.o(.text) refers to __printf_flags.o(.constdata) for .constdata
    __printf_ss.o(.text) refers to _printf_percent.o(.ARM.Collect$$_printf_percent$$00000000) for _printf_percent
    __printf_flags_ss.o(.text) refers to _printf_percent.o(.ARM.Collect$$_printf_percent$$00000000) for _printf_percent
    __printf_flags_ss.o(.text) refers to __printf_flags_ss.o(.constdata) for .constdata
    __printf_wp.o(.text) refers to __printf_wp.o(i._is_digit) for _is_digit
    __printf_wp.o(.text) refers to _printf_percent.o(.ARM.Collect$$_printf_percent$$00000000) for _printf_percent
    __printf_flags_wp.o(.text) refers to __printf_wp.o(i._is_digit) for _is_digit
    __printf_flags_wp.o(.text) refers to _printf_percent.o(.ARM.Collect$$_printf_percent$$00000000) for _printf_percent
    __printf_flags_wp.o(.text) refers to __printf_flags_wp.o(.constdata) for .constdata
    __printf_ss_wp.o(.text) refers to __printf_wp.o(i._is_digit) for _is_digit
    __printf_ss_wp.o(.text) refers to _printf_percent.o(.ARM.Collect$$_printf_percent$$00000000) for _printf_percent
    __printf_flags_ss_wp.o(.text) refers to __printf_wp.o(i._is_digit) for _is_digit
    __printf_flags_ss_wp.o(.text) refers to _printf_percent.o(.ARM.Collect$$_printf_percent$$00000000) for _printf_percent
    __printf_flags_ss_wp.o(.text) refers to __printf_flags_ss_wp.o(.constdata) for .constdata
    _printf_u.o(.ARM.Collect$$_printf_percent$$0000000A) refers (Weak) to _printf_dec.o(.text) for _printf_int_dec
    _printf_percent.o(.ARM.Collect$$_printf_percent$$00000000) refers (Special) to _printf_percent_end.o(.ARM.Collect$$_printf_percent$$00000017) for _printf_percent_end
    __main.o(!!!main) refers to rtentry.o(.ARM.Collect$$rtentry$$00000000) for __rt_entry
    rtentry.o(.ARM.Collect$$rtentry$$00000000) refers (Special) to rtentry2.o(.ARM.Collect$$rtentry$$0000000A) for __rt_entry_li
    rtentry.o(.ARM.Collect$$rtentry$$00000000) refers (Special) to rtentry2.o(.ARM.Collect$$rtentry$$0000000D) for __rt_entry_main
    rtentry.o(.ARM.Collect$$rtentry$$00000000) refers (Special) to rtentry2.o(.ARM.Collect$$rtentry$$0000000C) for __rt_entry_postli_1
    rtentry.o(.ARM.Collect$$rtentry$$00000000) refers (Special) to rtentry2.o(.ARM.Collect$$rtentry$$00000009) for __rt_entry_postsh_1
    rtentry.o(.ARM.Collect$$rtentry$$00000000) refers (Special) to rtentry2.o(.ARM.Collect$$rtentry$$00000002) for __rt_entry_presh_1
    rtentry.o(.ARM.Collect$$rtentry$$00000000) refers (Special) to rtentry4.o(.ARM.Collect$$rtentry$$00000004) for __rt_entry_sh
    _printf_intcommon.o(.text) refers (Weak) to _printf_pad.o(.text) for _printf_pre_padding
    _printf_intcommon.o(.text) refers (Weak) to _printf_pad.o(.text) for _printf_pre_padding
    _printf_intcommon.o(.text) refers (Weak) to _printf_pad.o(.text) for _printf_post_padding
    _printf_char_common.o(.text) refers to __printf_flags_ss_wp.o(.text) for __printf
    rtentry2.o(.ARM.Collect$$rtentry$$00000008) refers to boardinit2.o(.text) for _platform_post_stackheap_init
    rtentry2.o(.ARM.Collect$$rtentry$$0000000A) refers to libinit.o(.ARM.Collect$$libinit$$00000000) for __rt_lib_init
    rtentry2.o(.ARM.Collect$$rtentry$$0000000B) refers to boardinit3.o(.text) for _platform_post_lib_init
    rtentry2.o(.ARM.Collect$$rtentry$$0000000D) refers to logotestmain.o(.text) for main
    rtentry2.o(.ARM.Collect$$rtentry$$0000000D) refers to exit.o(.text) for exit
    rtentry2.o(.ARM.exidx) refers to rtentry2.o(.ARM.Collect$$rtentry$$00000001) for .ARM.Collect$$rtentry$$00000001
    rtentry2.o(.ARM.exidx) refers to rtentry2.o(.ARM.Collect$$rtentry$$00000008) for .ARM.Collect$$rtentry$$00000008
    rtentry2.o(.ARM.exidx) refers to rtentry2.o(.ARM.Collect$$rtentry$$0000000A) for .ARM.Collect$$rtentry$$0000000A
    rtentry2.o(.ARM.exidx) refers to rtentry2.o(.ARM.Collect$$rtentry$$0000000B) for .ARM.Collect$$rtentry$$0000000B
    rtentry2.o(.ARM.exidx) refers to rtentry2.o(.ARM.Collect$$rtentry$$0000000D) for .ARM.Collect$$rtentry$$0000000D
    rtentry4.o(.ARM.Collect$$rtentry$$00000004) refers to sys_stackheap_outer.o(.text) for __user_setup_stackheap
    rtentry4.o(.ARM.exidx) refers to rtentry4.o(.ARM.Collect$$rtentry$$00000004) for .ARM.Collect$$rtentry$$00000004
    sys_stackheap_outer.o(.text) refers to libspace.o(.text) for __user_perproc_libspace
    sys_stackheap_outer.o(.text) refers to startup.o(.text) for __user_initial_stackheap
    exit.o(.text) refers to rtexit.o(.ARM.Collect$$rtexit$$00000000) for __rt_exit
    libinit.o(.ARM.Collect$$libinit$$00000000) refers (Special) to libinit2.o(.ARM.Collect$$libinit$$0000002C) for __rt_lib_init_alloca_1
    libinit.o(.ARM.Collect$$libinit$$00000000) refers (Special) to libinit2.o(.ARM.Collect$$libinit$$0000002A) for __rt_lib_init_argv_1
    libinit.o(.ARM.Collect$$libinit$$00000000) refers (Special) to libinit2.o(.ARM.Collect$$libinit$$00000019) for __rt_lib_init_atexit_1
    libinit.o(.ARM.Collect$$libinit$$00000000) refers (Special) to libinit2.o(.ARM.Collect$$libinit$$0000001F) for __rt_lib_init_clock_1
    libinit.o(.ARM.Collect$$libinit$$00000000) refers (Special) to libinit2.o(.ARM.Collect$$libinit$$00000030) for __rt_lib_init_cpp_1
    libinit.o(.ARM.Collect$$libinit$$00000000) refers (Special) to libinit2.o(.ARM.Collect$$libinit$$0000002E) for __rt_lib_init_exceptions_1
    libinit.o(.ARM.Collect$$libinit$$00000000) refers (Special) to libinit2.o(.ARM.Collect$$libinit$$00000002) for __rt_lib_init_fp_1
    libinit.o(.ARM.Collect$$libinit$$00000000) refers (Special) to libinit2.o(.ARM.Collect$$libinit$$0000001D) for __rt_lib_init_fp_trap_1
    libinit.o(.ARM.Collect$$libinit$$00000000) refers (Special) to libinit2.o(.ARM.Collect$$libinit$$00000021) for __rt_lib_init_getenv_1
    libinit.o(.ARM.Collect$$libinit$$00000000) refers (Special) to libinit2.o(.ARM.Collect$$libinit$$00000008) for __rt_lib_init_heap_1
    libinit.o(.ARM.Collect$$libinit$$00000000) refers (Special) to libinit2.o(.ARM.Collect$$libinit$$0000000F) for __rt_lib_init_lc_collate_1
    libinit.o(.ARM.Collect$$libinit$$00000000) refers (Special) to libinit2.o(.ARM.Collect$$libinit$$00000011) for __rt_lib_init_lc_ctype_1
    libinit.o(.ARM.Collect$$libinit$$00000000) refers (Special) to libinit2.o(.ARM.Collect$$libinit$$00000013) for __rt_lib_init_lc_monetary_1
    libinit.o(.ARM.Collect$$libinit$$00000000) refers (Special) to libinit2.o(.ARM.Collect$$libinit$$00000015) for __rt_lib_init_lc_numeric_1
    libinit.o(.ARM.Collect$$libinit$$00000000) refers (Special) to libinit2.o(.ARM.Collect$$libinit$$00000017) for __rt_lib_init_lc_time_1
    libinit.o(.ARM.Collect$$libinit$$00000000) refers (Special) to libinit2.o(.ARM.Collect$$libinit$$0000000C) for __rt_lib_init_rand_1
    libinit.o(.ARM.Collect$$libinit$$00000000) refers (Special) to libinit2.o(.ARM.Collect$$libinit$$00000031) for __rt_lib_init_return
    libinit.o(.ARM.Collect$$libinit$$00000000) refers (Special) to libinit2.o(.ARM.Collect$$libinit$$0000001B) for __rt_lib_init_signal_1
    libinit.o(.ARM.Collect$$libinit$$00000000) refers (Special) to libinit2.o(.ARM.Collect$$libinit$$00000023) for __rt_lib_init_stdio_1
    libinit.o(.ARM.Collect$$libinit$$00000000) refers (Special) to libinit2.o(.ARM.Collect$$libinit$$0000000A) for __rt_lib_init_user_alloc_1
    libspace.o(.text) refers to libspace.o(.bss) for __libspace_start
    rtexit.o(.ARM.Collect$$rtexit$$00000000) refers (Special) to rtexit2.o(.ARM.Collect$$rtexit$$00000004) for __rt_exit_exit
    rtexit.o(.ARM.Collect$$rtexit$$00000000) refers (Special) to rtexit2.o(.ARM.Collect$$rtexit$$00000003) for __rt_exit_ls
    rtexit.o(.ARM.Collect$$rtexit$$00000000) refers (Special) to rtexit2.o(.ARM.Collect$$rtexit$$00000002) for __rt_exit_prels_1
    rtexit.o(.ARM.exidx) refers (Special) to rtexit2.o(.ARM.Collect$$rtexit$$00000004) for __rt_exit_exit
    rtexit.o(.ARM.exidx) refers (Special) to rtexit2.o(.ARM.Collect$$rtexit$$00000003) for __rt_exit_ls
    rtexit.o(.ARM.exidx) refers (Special) to rtexit2.o(.ARM.Collect$$rtexit$$00000002) for __rt_exit_prels_1
    rtexit.o(.ARM.exidx) refers to rtexit.o(.ARM.Collect$$rtexit$$00000000) for .ARM.Collect$$rtexit$$00000000
    libinit2.o(.ARM.Collect$$libinit$$0000000E) refers to libinit2.o(.ARM.Collect$$libinit$$0000000D) for .ARM.Collect$$libinit$$0000000D
    libinit2.o(.ARM.Collect$$libinit$$00000010) refers to libinit2.o(.ARM.Collect$$libinit$$0000000D) for .ARM.Collect$$libinit$$0000000D
    libinit2.o(.ARM.Collect$$libinit$$00000012) refers to libinit2.o(.ARM.Collect$$libinit$$0000000D) for .ARM.Collect$$libinit$$0000000D
    libinit2.o(.ARM.Collect$$libinit$$00000014) refers to libinit2.o(.ARM.Collect$$libinit$$0000000D) for .ARM.Collect$$libinit$$0000000D
    libinit2.o(.ARM.Collect$$libinit$$00000016) refers to libinit2.o(.ARM.Collect$$libinit$$0000000D) for .ARM.Collect$$libinit$$0000000D
    libinit2.o(.ARM.Collect$$libinit$$00000024) refers to argv_veneer.o(.emb_text) for __ARM_argv_veneer
    libinit2.o(.ARM.Collect$$libinit$$00000025) refers to argv_veneer.o(.emb_text) for __ARM_argv_veneer
    rtexit2.o(.ARM.Collect$$rtexit$$00000003) refers to libshutdown.o(.ARM.Collect$$libshutdown$$00000000) for __rt_lib_shutdown
    rtexit2.o(.ARM.Collect$$rtexit$$00000004) refers to sys_exit.o(.text) for _sys_exit
    rtexit2.o(.ARM.exidx) refers to rtexit2.o(.ARM.Collect$$rtexit$$00000001) for .ARM.Collect$$rtexit$$00000001
    rtexit2.o(.ARM.exidx) refers to rtexit2.o(.ARM.Collect$$rtexit$$00000003) for .ARM.Collect$$rtexit$$00000003
    rtexit2.o(.ARM.exidx) refers to rtexit2.o(.ARM.Collect$$rtexit$$00000004) for .ARM.Collect$$rtexit$$00000004
    argv_veneer.o(.emb_text) refers to no_argv.o(.text) for __ARM_get_argv
    sys_exit.o(.text) refers (Special) to use_no_semi.o(.text) for __I$use$semihosting
    sys_exit.o(.text) refers (Special) to indicate_semi.o(.text) for __semihosting_library_function
    _get_argv_nomalloc.o(.text) refers (Special) to hrguard.o(.text) for __heap_region$guard
    _get_argv_nomalloc.o(.text) refers to defsig_rtmem_outer.o(.text) for __rt_SIGRTMEM
    _get_argv_nomalloc.o(.text) refers to sys_command.o(.text) for _sys_command_string
    libshutdown.o(.ARM.Collect$$libshutdown$$00000000) refers (Special) to libshutdown2.o(.ARM.Collect$$libshutdown$$00000006) for __rt_lib_shutdown_fp_trap_1
    libshutdown.o(.ARM.Collect$$libshutdown$$00000000) refers (Special) to libshutdown2.o(.ARM.Collect$$libshutdown$$0000000E) for __rt_lib_shutdown_heap_1
    libshutdown.o(.ARM.Collect$$libshutdown$$00000000) refers (Special) to libshutdown2.o(.ARM.Collect$$libshutdown$$0000000F) for __rt_lib_shutdown_return
    libshutdown.o(.ARM.Collect$$libshutdown$$00000000) refers (Special) to libshutdown2.o(.ARM.Collect$$libshutdown$$00000009) for __rt_lib_shutdown_signal_1
    libshutdown.o(.ARM.Collect$$libshutdown$$00000000) refers (Special) to libshutdown2.o(.ARM.Collect$$libshutdown$$00000003) for __rt_lib_shutdown_stdio_1
    libshutdown.o(.ARM.Collect$$libshutdown$$00000000) refers (Special) to libshutdown2.o(.ARM.Collect$$libshutdown$$0000000B) for __rt_lib_shutdown_user_alloc_1
    sys_command.o(.text) refers (Special) to use_no_semi.o(.text) for __I$use$semihosting
    sys_command.o(.text) refers (Special) to indicate_semi.o(.text) for __semihosting_library_function
    defsig_rtmem_outer.o(.text) refers to defsig_rtmem_inner.o(.text) for __rt_SIGRTMEM_inner
    defsig_rtmem_outer.o(.text) refers to defsig_exit.o(.text) for __sig_exit
    defsig_rtmem_formal.o(.text) refers to rt_raise.o(.text) for __rt_raise
    rt_raise.o(.text) refers to __raise.o(.text) for __raise
    rt_raise.o(.text) refers to sys_exit.o(.text) for _sys_exit
    defsig_exit.o(.text) refers to sys_exit.o(.text) for _sys_exit
    defsig_rtmem_inner.o(.text) refers to defsig_general.o(.text) for __default_signal_display
    __raise.o(.text) refers to defsig.o(CL$$defsig) for __default_signal_handler
    defsig_general.o(.text) refers to sys_wrch.o(.text) for _ttywrch
    sys_wrch.o(.text) refers (Special) to use_no_semi.o(.text) for __I$use$semihosting
    sys_wrch.o(.text) refers (Special) to indicate_semi.o(.text) for __semihosting_library_function
    defsig.o(CL$$defsig) refers to defsig_rtmem_inner.o(.text) for __rt_SIGRTMEM_inner
    defsig_abrt_inner.o(.text) refers to defsig_general.o(.text) for __default_signal_display
    defsig_fpe_inner.o(.text) refers to defsig_general.o(.text) for __default_signal_display
    defsig_rtred_inner.o(.text) refers to defsig_general.o(.text) for __default_signal_display
    defsig_stak_inner.o(.text) refers to defsig_general.o(.text) for __default_signal_display
    defsig_pvfn_inner.o(.text) refers to defsig_general.o(.text) for __default_signal_display
    defsig_cppl_inner.o(.text) refers to defsig_general.o(.text) for __default_signal_display
    defsig_segv_inner.o(.text) refers to defsig_general.o(.text) for __default_signal_display
    defsig_other.o(.text) refers to defsig_general.o(.text) for __default_signal_display


==============================================================================

Removing Unused input sections from the image.

    Removing gpio.o(i.GPIODirModeGet), (34 bytes).
    Removing gpio.o(i.GPIOGetIntNumber), (156 bytes).
    Removing gpio.o(i.GPIOIntTypeGet), (48 bytes).
    Removing gpio.o(i.GPIOIntTypeSet), (58 bytes).
    Removing gpio.o(i.GPIOPadConfigGet), (140 bytes).
    Removing gpio.o(i.GPIOPinConfigure), (72 bytes).
    Removing gpio.o(i.GPIOPinIntClear), (6 bytes).
    Removing gpio.o(i.GPIOPinIntDisable), (14 bytes).
    Removing gpio.o(i.GPIOPinIntEnable), (12 bytes).
    Removing gpio.o(i.GPIOPinIntStatus), (14 bytes).
    Removing gpio.o(i.GPIOPinRead), (6 bytes).
    Removing gpio.o(i.GPIOPinTypeADC), (28 bytes).
    Removing gpio.o(i.GPIOPinTypeCAN), (28 bytes).
    Removing gpio.o(i.GPIOPinTypeComparator), (28 bytes).
    Removing gpio.o(i.GPIOPinTypeEPI), (28 bytes).
    Removing gpio.o(i.GPIOPinTypeEthernetLED), (28 bytes).
    Removing gpio.o(i.GPIOPinTypeGPIOInput), (28 bytes).
    Removing gpio.o(i.GPIOPinTypeGPIOOutputOD), (28 bytes).
    Removing gpio.o(i.GPIOPinTypeI2C), (28 bytes).
    Removing gpio.o(i.GPIOPinTypeI2S), (28 bytes).
    Removing gpio.o(i.GPIOPinTypePWM), (28 bytes).
    Removing gpio.o(i.GPIOPinTypeQEI), (28 bytes).
    Removing gpio.o(i.GPIOPinTypeTimer), (28 bytes).
    Removing gpio.o(i.GPIOPinTypeUART), (28 bytes).
    Removing gpio.o(i.GPIOPinTypeUSBAnalog), (28 bytes).
    Removing gpio.o(i.GPIOPinTypeUSBDigital), (28 bytes).
    Removing gpio.o(i.GPIOPortIntRegister), (26 bytes).
    Removing gpio.o(i.GPIOPortIntUnregister), (22 bytes).
    Removing gpio.o(.constdata), (72 bytes).
    Removing ssi.o(i.SSIDMADisable), (10 bytes).
    Removing ssi.o(i.SSIDMAEnable), (8 bytes).
    Removing ssi.o(i.SSIDataGet), (14 bytes).
    Removing ssi.o(i.SSIDataPutNonBlocking), (16 bytes).
    Removing ssi.o(i.SSIIntClear), (4 bytes).
    Removing ssi.o(i.SSIIntDisable), (10 bytes).
    Removing ssi.o(i.SSIIntEnable), (8 bytes).
    Removing ssi.o(i.SSIIntRegister), (32 bytes).
    Removing ssi.o(i.SSIIntStatus), (10 bytes).
    Removing ssi.o(i.SSIIntUnregister), (32 bytes).
    Removing sysctl.o(i.SysCtlADCSpeedGet), (16 bytes).
    Removing sysctl.o(i.SysCtlADCSpeedSet), (32 bytes).
    Removing sysctl.o(i.SysCtlBrownOutConfigSet), (16 bytes).
    Removing sysctl.o(i.SysCtlClkVerificationClear), (20 bytes).
    Removing sysctl.o(i.SysCtlDeepSleep), (32 bytes).
    Removing sysctl.o(i.SysCtlFlashSizeGet), (20 bytes).
    Removing sysctl.o(i.SysCtlGPIOAHBDisable), (20 bytes).
    Removing sysctl.o(i.SysCtlGPIOAHBEnable), (16 bytes).
    Removing sysctl.o(i.SysCtlI2SMClkSet), (216 bytes).
    Removing sysctl.o(i.SysCtlIOSCVerificationSet), (24 bytes).
    Removing sysctl.o(i.SysCtlIntClear), (12 bytes).
    Removing sysctl.o(i.SysCtlIntDisable), (16 bytes).
    Removing sysctl.o(i.SysCtlIntEnable), (16 bytes).
    Removing sysctl.o(i.SysCtlIntRegister), (20 bytes).
    Removing sysctl.o(i.SysCtlIntStatus), (16 bytes).
    Removing sysctl.o(i.SysCtlIntUnregister), (18 bytes).
    Removing sysctl.o(i.SysCtlLDOConfigSet), (12 bytes).
    Removing sysctl.o(i.SysCtlLDOGet), (12 bytes).
    Removing sysctl.o(i.SysCtlLDOSet), (12 bytes).
    Removing sysctl.o(i.SysCtlMOSCVerificationSet), (24 bytes).
    Removing sysctl.o(i.SysCtlPLLVerificationSet), (24 bytes).
    Removing sysctl.o(i.SysCtlPWMClockGet), (24 bytes).
    Removing sysctl.o(i.SysCtlPWMClockSet), (20 bytes).
    Removing sysctl.o(i.SysCtlPeripheralClockGating), (24 bytes).
    Removing sysctl.o(i.SysCtlPeripheralDeepSleepDisable), (32 bytes).
    Removing sysctl.o(i.SysCtlPeripheralDeepSleepEnable), (32 bytes).
    Removing sysctl.o(i.SysCtlPeripheralDisable), (32 bytes).
    Removing sysctl.o(i.SysCtlPeripheralPresent), (64 bytes).
    Removing sysctl.o(i.SysCtlPeripheralReset), (56 bytes).
    Removing sysctl.o(i.SysCtlPeripheralSleepDisable), (32 bytes).
    Removing sysctl.o(i.SysCtlPeripheralSleepEnable), (32 bytes).
    Removing sysctl.o(i.SysCtlPinPresent), (16 bytes).
    Removing sysctl.o(i.SysCtlReset), (16 bytes).
    Removing sysctl.o(i.SysCtlResetCauseClear), (16 bytes).
    Removing sysctl.o(i.SysCtlResetCauseGet), (12 bytes).
    Removing sysctl.o(i.SysCtlSRAMSizeGet), (20 bytes).
    Removing sysctl.o(i.SysCtlSleep), (4 bytes).
    Removing sysctl.o(i.SysCtlUSBPLLDisable), (16 bytes).
    Removing sysctl.o(i.SysCtlUSBPLLEnable), (16 bytes).
    Removing cpu.o(.emb_text), (26 bytes).
    Removing interrupt.o(i.IntDefaultHandler), (2 bytes).
    Removing interrupt.o(i.IntDisable), (104 bytes).
    Removing interrupt.o(i.IntEnable), (104 bytes).
    Removing interrupt.o(i.IntMasterDisable), (10 bytes).
    Removing interrupt.o(i.IntMasterEnable), (10 bytes).
    Removing interrupt.o(i.IntPendClear), (72 bytes).
    Removing interrupt.o(i.IntPendSet), (90 bytes).
    Removing interrupt.o(i.IntPriorityGet), (28 bytes).
    Removing interrupt.o(i.IntPriorityGroupingGet), (40 bytes).
    Removing interrupt.o(i.IntPriorityGroupingSet), (28 bytes).
    Removing interrupt.o(i.IntPrioritySet), (40 bytes).
    Removing interrupt.o(i.IntRegister), (56 bytes).
    Removing interrupt.o(i.IntUnregister), (20 bytes).
    Removing interrupt.o(.constdata), (104 bytes).
    Removing interrupt.o(vtable), (284 bytes).

94 unused section(s) (total 3320 bytes) removed from the image.

==============================================================================

Image Symbol Table

    Local Symbols

    Symbol Name                              Value     Ov Type        Size  Object(Section)

    RESET                                    0x00000000   Section      280  startup.o(RESET)
    ../clib/angel/boardlib.s                 0x00000000   Number         0  boardinit1.o ABSOLUTE
    ../clib/angel/boardlib.s                 0x00000000   Number         0  boardinit2.o ABSOLUTE
    ../clib/angel/boardlib.s                 0x00000000   Number         0  boardinit3.o ABSOLUTE
    ../clib/angel/boardlib.s                 0x00000000   Number         0  boardshut.o ABSOLUTE
    ../clib/angel/handlers.s                 0x00000000   Number         0  __scatter_copy.o ABSOLUTE
    ../clib/angel/handlers.s                 0x00000000   Number         0  __scatter_zi.o ABSOLUTE
    ../clib/angel/kernel.s                   0x00000000   Number         0  rtexit2.o ABSOLUTE
    ../clib/angel/kernel.s                   0x00000000   Number         0  rtentry4.o ABSOLUTE
    ../clib/angel/kernel.s                   0x00000000   Number         0  rtexit.o ABSOLUTE
    ../clib/angel/kernel.s                   0x00000000   Number         0  rtentry2.o ABSOLUTE
    ../clib/angel/kernel.s                   0x00000000   Number         0  rtentry.o ABSOLUTE
    ../clib/angel/rt.s                       0x00000000   Number         0  rt_raise.o ABSOLUTE
    ../clib/angel/scatter.s                  0x00000000   Number         0  __scatter.o ABSOLUTE
    ../clib/angel/startup.s                  0x00000000   Number         0  __main.o ABSOLUTE
    ../clib/angel/sys.s                      0x00000000   Number         0  libspace.o ABSOLUTE
    ../clib/angel/sys.s                      0x00000000   Number         0  sys_stackheap_outer.o ABSOLUTE
    ../clib/angel/sys.s                      0x00000000   Number         0  indicate_semi.o ABSOLUTE
    ../clib/angel/sys.s                      0x00000000   Number         0  use_no_semi.o ABSOLUTE
    ../clib/angel/sysapp.c                   0x00000000   Number         0  sys_command.o ABSOLUTE
    ../clib/angel/sysapp.c                   0x00000000   Number         0  sys_wrch.o ABSOLUTE
    ../clib/angel/sysapp.c                   0x00000000   Number         0  sys_exit.o ABSOLUTE
    ../clib/armsys.c                         0x00000000   Number         0  _get_argv_nomalloc.o ABSOLUTE
    ../clib/armsys.c                         0x00000000   Number         0  argv_veneer.o ABSOLUTE
    ../clib/armsys.c                         0x00000000   Number         0  argv_veneer.o ABSOLUTE
    ../clib/armsys.c                         0x00000000   Number         0  no_argv.o ABSOLUTE
    ../clib/heapalloc.c                      0x00000000   Number         0  hrguard.o ABSOLUTE
    ../clib/heapaux.c                        0x00000000   Number         0  heapauxi.o ABSOLUTE
    ../clib/libinit.s                        0x00000000   Number         0  libshutdown2.o ABSOLUTE
    ../clib/libinit.s                        0x00000000   Number         0  libshutdown.o ABSOLUTE
    ../clib/libinit.s                        0x00000000   Number         0  libinit.o ABSOLUTE
    ../clib/libinit.s                        0x00000000   Number         0  libinit2.o ABSOLUTE
    ../clib/misc.s                           0x00000000   Number         0  printf_stubs.o ABSOLUTE
    ../clib/printf.c                         0x00000000   Number         0  _sputc.o ABSOLUTE
    ../clib/printf.c                         0x00000000   Number         0  _printf_char_common.o ABSOLUTE
    ../clib/printf.c                         0x00000000   Number         0  _printf_intcommon.o ABSOLUTE
    ../clib/printf.c                         0x00000000   Number         0  __printf_ss_wp.o ABSOLUTE
    ../clib/printf.c                         0x00000000   Number         0  __2sprintf.o ABSOLUTE
    ../clib/printf.c                         0x00000000   Number         0  noretval__2sprintf.o ABSOLUTE
    ../clib/printf.c                         0x00000000   Number         0  __printf.o ABSOLUTE
    ../clib/printf.c                         0x00000000   Number         0  _printf_dec.o ABSOLUTE
    ../clib/printf.c                         0x00000000   Number         0  __printf_flags.o ABSOLUTE
    ../clib/printf.c                         0x00000000   Number         0  __printf_ss.o ABSOLUTE
    ../clib/printf.c                         0x00000000   Number         0  __printf_flags_ss.o ABSOLUTE
    ../clib/printf.c                         0x00000000   Number         0  __printf_wp.o ABSOLUTE
    ../clib/printf.c                         0x00000000   Number         0  __printf_flags_wp.o ABSOLUTE
    ../clib/printf.c                         0x00000000   Number         0  __printf_flags_ss_wp.o ABSOLUTE
    ../clib/printf.c                         0x00000000   Number         0  __printf_nopercent.o ABSOLUTE
    ../clib/printf.c                         0x00000000   Number         0  _printf_pad.o ABSOLUTE
    ../clib/printf_percent.s                 0x00000000   Number         0  _printf_percent_end.o ABSOLUTE
    ../clib/printf_percent.s                 0x00000000   Number         0  _printf_percent.o ABSOLUTE
    ../clib/printf_percent.s                 0x00000000   Number         0  _printf_u.o ABSOLUTE
    ../clib/signal.c                         0x00000000   Number         0  defsig_general.o ABSOLUTE
    ../clib/signal.c                         0x00000000   Number         0  __raise.o ABSOLUTE
    ../clib/signal.c                         0x00000000   Number         0  defsig_rtmem_inner.o ABSOLUTE
    ../clib/signal.c                         0x00000000   Number         0  defsig_exit.o ABSOLUTE
    ../clib/signal.c                         0x00000000   Number         0  defsig_rtmem_formal.o ABSOLUTE
    ../clib/signal.c                         0x00000000   Number         0  defsig_rtmem_outer.o ABSOLUTE
    ../clib/signal.c                         0x00000000   Number         0  defsig_other.o ABSOLUTE
    ../clib/signal.c                         0x00000000   Number         0  defsig_segv_inner.o ABSOLUTE
    ../clib/signal.c                         0x00000000   Number         0  defsig_cppl_inner.o ABSOLUTE
    ../clib/signal.c                         0x00000000   Number         0  defsig_pvfn_inner.o ABSOLUTE
    ../clib/signal.c                         0x00000000   Number         0  defsig_stak_inner.o ABSOLUTE
    ../clib/signal.c                         0x00000000   Number         0  defsig_rtred_inner.o ABSOLUTE
    ../clib/signal.c                         0x00000000   Number         0  defsig_fpe_inner.o ABSOLUTE
    ../clib/signal.c                         0x00000000   Number         0  defsig_abrt_inner.o ABSOLUTE
    ../clib/signal.s                         0x00000000   Number         0  defsig.o ABSOLUTE
    ../clib/stdlib.c                         0x00000000   Number         0  exit.o ABSOLUTE
    ../fplib/fpinit.s                        0x00000000   Number         0  fpinit.o ABSOLUTE
    LogoTestMain.c                           0x00000000   Number         0  logotestmain.o ABSOLUTE
    Startup.s                                0x00000000   Number         0  startup.o ABSOLUTE
    buttons.c                                0x00000000   Number         0  buttons.o ABSOLUTE
    clockOLED.c                              0x00000000   Number         0  clockoled.o ABSOLUTE
    cpu.c                                    0x00000000   Number         0  cpu.o ABSOLUTE
    cpu.c                                    0x00000000   Number         0  cpu.o ABSOLUTE
    dc.s                                     0x00000000   Number         0  dc.o ABSOLUTE
    gpio.c                                   0x00000000   Number         0  gpio.o ABSOLUTE
    interrupt.c                              0x00000000   Number         0  interrupt.o ABSOLUTE
    menu.c                                   0x00000000   Number         0  menu.o ABSOLUTE
    rit128x96x4.c                            0x00000000   Number         0  rit128x96x4.o ABSOLUTE
    speaker.c                                0x00000000   Number         0  speaker.o ABSOLUTE
    ssi.c                                    0x00000000   Number         0  ssi.o ABSOLUTE
    sysctl.c                                 0x00000000   Number         0  sysctl.o ABSOLUTE
    sysctl.c                                 0x00000000   Number         0  sysctl.o ABSOLUTE
    timing.c                                 0x00000000   Number         0  timing.o ABSOLUTE
    timing.c                                 0x00000000   Number         0  timing.o ABSOLUTE
    !!!main                                  0x00000118   Section        8  __main.o(!!!main)
    !!!scatter                               0x00000120   Section       52  __scatter.o(!!!scatter)
    !!handler_copy                           0x00000154   Section       26  __scatter_copy.o(!!handler_copy)
    !!handler_zi                             0x00000170   Section       28  __scatter_zi.o(!!handler_zi)
    .ARM.Collect$$_printf_percent$$00000000  0x0000018c   Section        0  _printf_percent.o(.ARM.Collect$$_printf_percent$$00000000)
    .ARM.Collect$$_printf_percent$$0000000A  0x0000018c   Section        6  _printf_u.o(.ARM.Collect$$_printf_percent$$0000000A)
    .ARM.Collect$$_printf_percent$$00000017  0x00000192   Section        4  _printf_percent_end.o(.ARM.Collect$$_printf_percent$$00000017)
    .ARM.Collect$$libinit$$00000000          0x00000196   Section        2  libinit.o(.ARM.Collect$$libinit$$00000000)
    .ARM.Collect$$libinit$$00000002          0x00000198   Section        0  libinit2.o(.ARM.Collect$$libinit$$00000002)
    .ARM.Collect$$libinit$$00000008          0x00000198   Section        0  libinit2.o(.ARM.Collect$$libinit$$00000008)
    .ARM.Collect$$libinit$$0000000A          0x00000198   Section        0  libinit2.o(.ARM.Collect$$libinit$$0000000A)
    .ARM.Collect$$libinit$$0000000C          0x00000198   Section        0  libinit2.o(.ARM.Collect$$libinit$$0000000C)
    .ARM.Collect$$libinit$$0000000F          0x00000198   Section        0  libinit2.o(.ARM.Collect$$libinit$$0000000F)
    .ARM.Collect$$libinit$$00000011          0x00000198   Section        0  libinit2.o(.ARM.Collect$$libinit$$00000011)
    .ARM.Collect$$libinit$$00000013          0x00000198   Section        0  libinit2.o(.ARM.Collect$$libinit$$00000013)
    .ARM.Collect$$libinit$$00000015          0x00000198   Section        0  libinit2.o(.ARM.Collect$$libinit$$00000015)
    .ARM.Collect$$libinit$$00000017          0x00000198   Section        0  libinit2.o(.ARM.Collect$$libinit$$00000017)
    .ARM.Collect$$libinit$$00000019          0x00000198   Section        0  libinit2.o(.ARM.Collect$$libinit$$00000019)
    .ARM.Collect$$libinit$$0000001B          0x00000198   Section        0  libinit2.o(.ARM.Collect$$libinit$$0000001B)
    .ARM.Collect$$libinit$$0000001D          0x00000198   Section        0  libinit2.o(.ARM.Collect$$libinit$$0000001D)
    .ARM.Collect$$libinit$$0000001F          0x00000198   Section        0  libinit2.o(.ARM.Collect$$libinit$$0000001F)
    .ARM.Collect$$libinit$$00000021          0x00000198   Section        0  libinit2.o(.ARM.Collect$$libinit$$00000021)
    .ARM.Collect$$libinit$$00000023          0x00000198   Section        0  libinit2.o(.ARM.Collect$$libinit$$00000023)
    .ARM.Collect$$libinit$$0000002A          0x00000198   Section        0  libinit2.o(.ARM.Collect$$libinit$$0000002A)
    .ARM.Collect$$libinit$$0000002C          0x00000198   Section        0  libinit2.o(.ARM.Collect$$libinit$$0000002C)
    .ARM.Collect$$libinit$$0000002E          0x00000198   Section        0  libinit2.o(.ARM.Collect$$libinit$$0000002E)
    .ARM.Collect$$libinit$$00000030          0x00000198   Section        0  libinit2.o(.ARM.Collect$$libinit$$00000030)
    .ARM.Collect$$libinit$$00000031          0x00000198   Section        2  libinit2.o(.ARM.Collect$$libinit$$00000031)
    .ARM.Collect$$libshutdown$$00000000      0x0000019a   Section        2  libshutdown.o(.ARM.Collect$$libshutdown$$00000000)
    .ARM.Collect$$libshutdown$$00000003      0x0000019c   Section        0  libshutdown2.o(.ARM.Collect$$libshutdown$$00000003)
    .ARM.Collect$$libshutdown$$00000006      0x0000019c   Section        0  libshutdown2.o(.ARM.Collect$$libshutdown$$00000006)
    .ARM.Collect$$libshutdown$$00000009      0x0000019c   Section        0  libshutdown2.o(.ARM.Collect$$libshutdown$$00000009)
    .ARM.Collect$$libshutdown$$0000000B      0x0000019c   Section        0  libshutdown2.o(.ARM.Collect$$libshutdown$$0000000B)
    .ARM.Collect$$libshutdown$$0000000E      0x0000019c   Section        0  libshutdown2.o(.ARM.Collect$$libshutdown$$0000000E)
    .ARM.Collect$$libshutdown$$0000000F      0x0000019c   Section        2  libshutdown2.o(.ARM.Collect$$libshutdown$$0000000F)
    .ARM.Collect$$rtentry$$00000000          0x0000019e   Section        0  rtentry.o(.ARM.Collect$$rtentry$$00000000)
    .ARM.Collect$$rtentry$$00000002          0x0000019e   Section        0  rtentry2.o(.ARM.Collect$$rtentry$$00000002)
    .ARM.Collect$$rtentry$$00000004          0x0000019e   Section        6  rtentry4.o(.ARM.Collect$$rtentry$$00000004)
    .ARM.Collect$$rtentry$$00000009          0x000001a4   Section        0  rtentry2.o(.ARM.Collect$$rtentry$$00000009)
    .ARM.Collect$$rtentry$$0000000A          0x000001a4   Section        4  rtentry2.o(.ARM.Collect$$rtentry$$0000000A)
    .ARM.Collect$$rtentry$$0000000C          0x000001a8   Section        0  rtentry2.o(.ARM.Collect$$rtentry$$0000000C)
    .ARM.Collect$$rtentry$$0000000D          0x000001a8   Section        8  rtentry2.o(.ARM.Collect$$rtentry$$0000000D)
    .ARM.Collect$$rtexit$$00000000           0x000001b0   Section        2  rtexit.o(.ARM.Collect$$rtexit$$00000000)
    .ARM.Collect$$rtexit$$00000002           0x000001b2   Section        0  rtexit2.o(.ARM.Collect$$rtexit$$00000002)
    .ARM.Collect$$rtexit$$00000003           0x000001b2   Section        4  rtexit2.o(.ARM.Collect$$rtexit$$00000003)
    .ARM.Collect$$rtexit$$00000004           0x000001b6   Section        6  rtexit2.o(.ARM.Collect$$rtexit$$00000004)
    .emb_text                                0x000001bc   Section        6  timing.o(.emb_text)
    .emb_text                                0x000001c4   Section        6  sysctl.o(.emb_text)
    .text                                    0x000001cc   Section       48  startup.o(.text)
    .text                                    0x000001fc   Section        0  rit128x96x4.o(.text)
    RITWriteCommand                          0x000001fd   Thumb Code   124  rit128x96x4.o(.text)
    RITWriteData                             0x00000279   Thumb Code   124  rit128x96x4.o(.text)
    .text                                    0x0000061c   Section        0  logotestmain.o(.text)
    .text                                    0x00000978   Section        0  clockoled.o(.text)
    .text                                    0x00000ed4   Section        0  speaker.o(.text)
    .text                                    0x00000fa4   Section        0  buttons.o(.text)
    .text                                    0x000011d8   Section        0  timing.o(.text)
    .text                                    0x0000122c   Section        0  menu.o(.text)
    .text                                    0x000014d0   Section        0  noretval__2sprintf.o(.text)
    .text                                    0x000014f8   Section        0  _printf_pad.o(.text)
    .text                                    0x0000154c   Section        0  _printf_dec.o(.text)
    .text                                    0x000015c4   Section        0  __printf_flags_ss_wp.o(.text)
    .text                                    0x00001750   Section        0  heapauxi.o(.text)
    .text                                    0x00001756   Section        0  _printf_intcommon.o(.text)
    .text                                    0x00001810   Section        0  _printf_char_common.o(.text)
    _printf_input_char                       0x00001811   Thumb Code    10  _printf_char_common.o(.text)
    .text                                    0x00001840   Section        0  _sputc.o(.text)
    .text                                    0x0000184a   Section       74  sys_stackheap_outer.o(.text)
    .text                                    0x00001894   Section        0  exit.o(.text)
    .text                                    0x000018a0   Section        8  libspace.o(.text)
    .text                                    0x000018a8   Section        0  sys_exit.o(.text)
    .text                                    0x000018b4   Section        2  use_no_semi.o(.text)
    .text                                    0x000018b6   Section        0  indicate_semi.o(.text)
    i.GPIODirModeSet                         0x000018b6   Section        0  gpio.o(i.GPIODirModeSet)
    i.GPIOPadConfigSet                       0x000018de   Section        0  gpio.o(i.GPIOPadConfigSet)
    i.GPIOPinTypeGPIOOutput                  0x0000198e   Section        0  gpio.o(i.GPIOPinTypeGPIOOutput)
    i.GPIOPinTypeSSI                         0x000019aa   Section        0  gpio.o(i.GPIOPinTypeSSI)
    i.GPIOPinWrite                           0x000019c6   Section        0  gpio.o(i.GPIOPinWrite)
    i.SSIBusy                                0x000019cc   Section        0  ssi.o(i.SSIBusy)
    i.SSIConfigSetExpClk                     0x000019d4   Section        0  ssi.o(i.SSIConfigSetExpClk)
    i.SSIDataGetNonBlocking                  0x00001a20   Section        0  ssi.o(i.SSIDataGetNonBlocking)
    i.SSIDataPut                             0x00001a32   Section        0  ssi.o(i.SSIDataPut)
    i.SSIDisable                             0x00001a3e   Section        0  ssi.o(i.SSIDisable)
    i.SSIEnable                              0x00001a48   Section        0  ssi.o(i.SSIEnable)
    i.SysCtlClockGet                         0x00001a54   Section        0  sysctl.o(i.SysCtlClockGet)
    i.SysCtlClockSet                         0x00001c38   Section        0  sysctl.o(i.SysCtlClockSet)
    i.SysCtlPeripheralEnable                 0x00001d70   Section        0  sysctl.o(i.SysCtlPeripheralEnable)
    i._is_digit                              0x00001d90   Section        0  __printf_wp.o(i._is_digit)
    .constdata                               0x00001d9e   Section      571  rit128x96x4.o(.constdata)
    g_pucRIT128x96x4VerticalInc              0x00001d9e   Data           2  rit128x96x4.o(.constdata)
    g_pucRIT128x96x4HorizontalInc            0x00001da0   Data           2  rit128x96x4.o(.constdata)
    g_pucFont                                0x00001da2   Data         480  rit128x96x4.o(.constdata)
    g_pucRIT128x96x4Init                     0x00001f82   Data          79  rit128x96x4.o(.constdata)
    pucCommand1                              0x00001fd1   Data           3  rit128x96x4.o(.constdata)
    pucCommand2                              0x00001fd4   Data           3  rit128x96x4.o(.constdata)
    pucCommand1                              0x00001fd7   Data           2  rit128x96x4.o(.constdata)
    .constdata                               0x00001fda   Section     6118  clockoled.o(.constdata)
    g_pucFont                                0x00003548   Data         480  clockoled.o(.constdata)
    .constdata                               0x000037c0   Section      156  sysctl.o(.constdata)
    g_pulDCRegs                              0x000037c0   Data          16  sysctl.o(.constdata)
    g_pulSRCRRegs                            0x000037d0   Data          12  sysctl.o(.constdata)
    g_pulRCGCRegs                            0x000037dc   Data          12  sysctl.o(.constdata)
    g_pulSCGCRegs                            0x000037e8   Data          12  sysctl.o(.constdata)
    g_pulDCGCRegs                            0x000037f4   Data          12  sysctl.o(.constdata)
    g_pulXtals                               0x00003800   Data          92  sysctl.o(.constdata)
    .constdata                               0x0000385c   Section       17  __printf_flags_ss_wp.o(.constdata)
    maptable                                 0x0000385c   Data          17  __printf_flags_ss_wp.o(.constdata)
    .data                                    0x20000000   Section       12  rit128x96x4.o(.data)
    g_ulSSIFlags                             0x20000000   Data           4  rit128x96x4.o(.data)
    g_pucBuffer                              0x20000004   Data           8  rit128x96x4.o(.data)
    .data                                    0x2000000c   Section      120  logotestmain.o(.data)
    .data                                    0x20000084   Section       24  clockoled.o(.data)
    g_pucBuffer                              0x20000084   Data           8  clockoled.o(.data)
    .data                                    0x2000009c   Section       20  buttons.o(.data)
    .data                                    0x200000b0   Section       48  menu.o(.data)
    .bss                                     0x200000e0   Section     6144  clockoled.o(.bss)
    .bss                                     0x200018e0   Section       96  libspace.o(.bss)
    HEAP                                     0x20001940   Section        0  startup.o(HEAP)
    STACK                                    0x20001940   Section     1024  startup.o(STACK)
    HeapMem                                  0x20001940   Data           0  startup.o(HEAP)
    StackMem                                 0x20001940   Data           0  startup.o(STACK)

    Global Symbols

    Symbol Name                              Value     Ov Type        Size  Object(Section)

    BuildAttributes$$THM_ISAv4$P$D$K$B$S$PE$A:L22UL41UL21$X:L11$S22US41US21$IEEE1$IW$USESV6$~STKCKD$USESV7$~SHL$OTIME$ROPI$EBA8$UX$STANDARDLIB$REQ8$PRES8$EABIv2 0x00000000   Number         0  anon$$obj.o ABSOLUTE
    __ARM_use_no_argv                        0x00000000   Number         0  logotestmain.o ABSOLUTE
    __Vectors                                0x00000000   Data           0  startup.o(RESET)
    _printf_flags                            0x00000000   Number         0  printf_stubs.o ABSOLUTE
    _printf_return_value                     0x00000000   Number         0  printf_stubs.o ABSOLUTE
    _printf_sizespec                         0x00000000   Number         0  printf_stubs.o ABSOLUTE
    _printf_widthprec                        0x00000000   Number         0  printf_stubs.o ABSOLUTE
    __ARM_exceptions_init                     - Undefined Weak Reference
    __alloca_initialize                       - Undefined Weak Reference
    __cpp_initialize__aeabi_                  - Undefined Weak Reference
    __cxa_finalize                            - Undefined Weak Reference
    __rt_locale                               - Undefined Weak Reference
    __sigvec_lookup                           - Undefined Weak Reference
    _atexit_init                              - Undefined Weak Reference
    _call_atexit_fns                          - Undefined Weak Reference
    _clock_init                               - Undefined Weak Reference
    _fp_trap_init                             - Undefined Weak Reference
    _fp_trap_shutdown                         - Undefined Weak Reference
    _get_lc_collate                           - Undefined Weak Reference
    _get_lc_ctype                             - Undefined Weak Reference
    _get_lc_monetary                          - Undefined Weak Reference
    _get_lc_numeric                           - Undefined Weak Reference
    _get_lc_time                              - Undefined Weak Reference
    _getenv_init                              - Undefined Weak Reference
    _handle_redirection                       - Undefined Weak Reference
    _init_alloc                               - Undefined Weak Reference
    _init_user_alloc                          - Undefined Weak Reference
    _initio                                   - Undefined Weak Reference
    _printf_truncate_signed                   - Undefined Weak Reference
    _printf_truncate_unsigned                 - Undefined Weak Reference
    _rand_init                                - Undefined Weak Reference
    _signal_finish                            - Undefined Weak Reference
    _signal_init                              - Undefined Weak Reference
    _terminate_alloc                          - Undefined Weak Reference
    _terminate_user_alloc                     - Undefined Weak Reference
    _terminateio                              - Undefined Weak Reference
    Reset_Handler                            0x00000101   Thumb Code     0  startup.o(RESET)
    NMI_Handler                              0x00000105   Thumb Code     2  startup.o(RESET)
    HardFault_Handler                        0x00000107   Thumb Code     2  startup.o(RESET)
    MemManage_Handler                        0x00000109   Thumb Code     2  startup.o(RESET)
    BusFault_Handler                         0x0000010b   Thumb Code     2  startup.o(RESET)
    UsageFault_Handler                       0x0000010d   Thumb Code     2  startup.o(RESET)
    SVC_Handler                              0x0000010f   Thumb Code     2  startup.o(RESET)
    DebugMon_Handler                         0x00000111   Thumb Code     2  startup.o(RESET)
    PendSV_Handler                           0x00000113   Thumb Code     2  startup.o(RESET)
    ADC0_Handler                             0x00000117   Thumb Code     0  startup.o(RESET)
    ADC1_Handler                             0x00000117   Thumb Code     0  startup.o(RESET)
    ADC2_Handler                             0x00000117   Thumb Code     0  startup.o(RESET)
    ADC3_Handler                             0x00000117   Thumb Code     0  startup.o(RESET)
    CAN0_Handler                             0x00000117   Thumb Code     0  startup.o(RESET)
    CAN1_Handler                             0x00000117   Thumb Code     0  startup.o(RESET)
    CAN2_Handler                             0x00000117   Thumb Code     0  startup.o(RESET)
    Comp0_Handler                            0x00000117   Thumb Code     0  startup.o(RESET)
    Comp1_Handler                            0x00000117   Thumb Code     0  startup.o(RESET)
    Comp2_Handler                            0x00000117   Thumb Code     0  startup.o(RESET)
    Ethernet_Handler                         0x00000117   Thumb Code     0  startup.o(RESET)
    FlashCtl_Handler                         0x00000117   Thumb Code     0  startup.o(RESET)
    GPIOPortA_Handler                        0x00000117   Thumb Code     0  startup.o(RESET)
    GPIOPortB_Handler                        0x00000117   Thumb Code     0  startup.o(RESET)
    GPIOPortC_Handler                        0x00000117   Thumb Code     0  startup.o(RESET)
    GPIOPortD_Handler                        0x00000117   Thumb Code     0  startup.o(RESET)
    GPIOPortE_Handler                        0x00000117   Thumb Code     0  startup.o(RESET)
    GPIOPortF_Handler                        0x00000117   Thumb Code     0  startup.o(RESET)
    GPIOPortH_Handler                        0x00000117   Thumb Code     0  startup.o(RESET)
    Hibernate_Handler                        0x00000117   Thumb Code     0  startup.o(RESET)
    I2C0_Handler                             0x00000117   Thumb Code     0  startup.o(RESET)
    I2C1_Handler                             0x00000117   Thumb Code     0  startup.o(RESET)
    PWM0_Handler                             0x00000117   Thumb Code     0  startup.o(RESET)
    PWM1_Handler                             0x00000117   Thumb Code     0  startup.o(RESET)
    PWM2_Handler                             0x00000117   Thumb Code     0  startup.o(RESET)
    PWM3_Handler                             0x00000117   Thumb Code     0  startup.o(RESET)
    PWMFault_Handler                         0x00000117   Thumb Code     0  startup.o(RESET)
    Quadrature0_Handler                      0x00000117   Thumb Code     0  startup.o(RESET)
    Quadrature1_Handler                      0x00000117   Thumb Code     0  startup.o(RESET)
    SSI0_Handler                             0x00000117   Thumb Code     0  startup.o(RESET)
    SSI1_Handler                             0x00000117   Thumb Code     0  startup.o(RESET)
    SysCtl_Handler                           0x00000117   Thumb Code     0  startup.o(RESET)
    Timer0A_Handler                          0x00000117   Thumb Code     0  startup.o(RESET)
    Timer0B_Handler                          0x00000117   Thumb Code     0  startup.o(RESET)
    Timer1A_Handler                          0x00000117   Thumb Code     0  startup.o(RESET)
    Timer1B_Handler                          0x00000117   Thumb Code     0  startup.o(RESET)
    Timer2A_Handler                          0x00000117   Thumb Code     0  startup.o(RESET)
    Timer2B_Handler                          0x00000117   Thumb Code     0  startup.o(RESET)
    Timer3A_Handler                          0x00000117   Thumb Code     0  startup.o(RESET)
    Timer3B_Handler                          0x00000117   Thumb Code     0  startup.o(RESET)
    UART0_Handler                            0x00000117   Thumb Code     0  startup.o(RESET)
    UART1_Handler                            0x00000117   Thumb Code     0  startup.o(RESET)
    UART2_Handler                            0x00000117   Thumb Code     0  startup.o(RESET)
    USB0_Handler                             0x00000117   Thumb Code     0  startup.o(RESET)
    WDT_Handler                              0x00000117   Thumb Code     0  startup.o(RESET)
    uDMA_Error                               0x00000117   Thumb Code     0  startup.o(RESET)
    uDMA_Handler                             0x00000117   Thumb Code     0  startup.o(RESET)
    __main                                   0x00000119   Thumb Code     8  __main.o(!!!main)
    __scatterload                            0x00000121   Thumb Code     0  __scatter.o(!!!scatter)
    __scatterload_rt2                        0x00000121   Thumb Code    44  __scatter.o(!!!scatter)
    __scatterload_rt2_thumb_only             0x00000121   Thumb Code     0  __scatter.o(!!!scatter)
    __scatterload_null                       0x0000012f   Thumb Code     0  __scatter.o(!!!scatter)
    __scatterload_copy                       0x00000155   Thumb Code    26  __scatter_copy.o(!!handler_copy)
    __scatterload_zeroinit                   0x00000171   Thumb Code    28  __scatter_zi.o(!!handler_zi)
    _printf_percent                          0x0000018d   Thumb Code     0  _printf_percent.o(.ARM.Collect$$_printf_percent$$00000000)
    _printf_u                                0x0000018d   Thumb Code     0  _printf_u.o(.ARM.Collect$$_printf_percent$$0000000A)
    _printf_percent_end                      0x00000193   Thumb Code     0  _printf_percent_end.o(.ARM.Collect$$_printf_percent$$00000017)
    __rt_lib_init                            0x00000197   Thumb Code     0  libinit.o(.ARM.Collect$$libinit$$00000000)
    __rt_lib_init_alloca_1                   0x00000199   Thumb Code     0  libinit2.o(.ARM.Collect$$libinit$$0000002C)
    __rt_lib_init_argv_1                     0x00000199   Thumb Code     0  libinit2.o(.ARM.Collect$$libinit$$0000002A)
    __rt_lib_init_atexit_1                   0x00000199   Thumb Code     0  libinit2.o(.ARM.Collect$$libinit$$00000019)
    __rt_lib_init_clock_1                    0x00000199   Thumb Code     0  libinit2.o(.ARM.Collect$$libinit$$0000001F)
    __rt_lib_init_cpp_1                      0x00000199   Thumb Code     0  libinit2.o(.ARM.Collect$$libinit$$00000030)
    __rt_lib_init_exceptions_1               0x00000199   Thumb Code     0  libinit2.o(.ARM.Collect$$libinit$$0000002E)
    __rt_lib_init_fp_1                       0x00000199   Thumb Code     0  libinit2.o(.ARM.Collect$$libinit$$00000002)
    __rt_lib_init_fp_trap_1                  0x00000199   Thumb Code     0  libinit2.o(.ARM.Collect$$libinit$$0000001D)
    __rt_lib_init_getenv_1                   0x00000199   Thumb Code     0  libinit2.o(.ARM.Collect$$libinit$$00000021)
    __rt_lib_init_heap_1                     0x00000199   Thumb Code     0  libinit2.o(.ARM.Collect$$libinit$$00000008)
    __rt_lib_init_lc_collate_1               0x00000199   Thumb Code     0  libinit2.o(.ARM.Collect$$libinit$$0000000F)
    __rt_lib_init_lc_ctype_1                 0x00000199   Thumb Code     0  libinit2.o(.ARM.Collect$$libinit$$00000011)
    __rt_lib_init_lc_monetary_1              0x00000199   Thumb Code     0  libinit2.o(.ARM.Collect$$libinit$$00000013)
    __rt_lib_init_lc_numeric_1               0x00000199   Thumb Code     0  libinit2.o(.ARM.Collect$$libinit$$00000015)
    __rt_lib_init_lc_time_1                  0x00000199   Thumb Code     0  libinit2.o(.ARM.Collect$$libinit$$00000017)
    __rt_lib_init_rand_1                     0x00000199   Thumb Code     0  libinit2.o(.ARM.Collect$$libinit$$0000000C)
    __rt_lib_init_return                     0x00000199   Thumb Code     0  libinit2.o(.ARM.Collect$$libinit$$00000031)
    __rt_lib_init_signal_1                   0x00000199   Thumb Code     0  libinit2.o(.ARM.Collect$$libinit$$0000001B)
    __rt_lib_init_stdio_1                    0x00000199   Thumb Code     0  libinit2.o(.ARM.Collect$$libinit$$00000023)
    __rt_lib_init_user_alloc_1               0x00000199   Thumb Code     0  libinit2.o(.ARM.Collect$$libinit$$0000000A)
    __rt_lib_shutdown                        0x0000019b   Thumb Code     0  libshutdown.o(.ARM.Collect$$libshutdown$$00000000)
    __rt_lib_shutdown_fp_trap_1              0x0000019d   Thumb Code     0  libshutdown2.o(.ARM.Collect$$libshutdown$$00000006)
    __rt_lib_shutdown_heap_1                 0x0000019d   Thumb Code     0  libshutdown2.o(.ARM.Collect$$libshutdown$$0000000E)
    __rt_lib_shutdown_return                 0x0000019d   Thumb Code     0  libshutdown2.o(.ARM.Collect$$libshutdown$$0000000F)
    __rt_lib_shutdown_signal_1               0x0000019d   Thumb Code     0  libshutdown2.o(.ARM.Collect$$libshutdown$$00000009)
    __rt_lib_shutdown_stdio_1                0x0000019d   Thumb Code     0  libshutdown2.o(.ARM.Collect$$libshutdown$$00000003)
    __rt_lib_shutdown_user_alloc_1           0x0000019d   Thumb Code     0  libshutdown2.o(.ARM.Collect$$libshutdown$$0000000B)
    __rt_entry                               0x0000019f   Thumb Code     0  rtentry.o(.ARM.Collect$$rtentry$$00000000)
    __rt_entry_presh_1                       0x0000019f   Thumb Code     0  rtentry2.o(.ARM.Collect$$rtentry$$00000002)
    __rt_entry_sh                            0x0000019f   Thumb Code     0  rtentry4.o(.ARM.Collect$$rtentry$$00000004)
    __rt_entry_li                            0x000001a5   Thumb Code     0  rtentry2.o(.ARM.Collect$$rtentry$$0000000A)
    __rt_entry_postsh_1                      0x000001a5   Thumb Code     0  rtentry2.o(.ARM.Collect$$rtentry$$00000009)
    __rt_entry_main                          0x000001a9   Thumb Code     0  rtentry2.o(.ARM.Collect$$rtentry$$0000000D)
    __rt_entry_postli_1                      0x000001a9   Thumb Code     0  rtentry2.o(.ARM.Collect$$rtentry$$0000000C)
    __rt_exit                                0x000001b1   Thumb Code     0  rtexit.o(.ARM.Collect$$rtexit$$00000000)
    __rt_exit_ls                             0x000001b3   Thumb Code     0  rtexit2.o(.ARM.Collect$$rtexit$$00000003)
    __rt_exit_prels_1                        0x000001b3   Thumb Code     0  rtexit2.o(.ARM.Collect$$rtexit$$00000002)
    __rt_exit_exit                           0x000001b7   Thumb Code     0  rtexit2.o(.ARM.Collect$$rtexit$$00000004)
    Delay                                    0x000001bd   Thumb Code     6  timing.o(.emb_text)
    SysCtlDelay                              0x000001c5   Thumb Code     6  sysctl.o(.emb_text)
    DisableInterrupts                        0x000001cd   Thumb Code     0  startup.o(.text)
    EnableInterrupts                         0x000001d1   Thumb Code     0  startup.o(.text)
    StartCritical                            0x000001d5   Thumb Code     0  startup.o(.text)
    EndCritical                              0x000001dd   Thumb Code     0  startup.o(.text)
    WaitForInterrupt                         0x000001e3   Thumb Code     0  startup.o(.text)
    __user_initial_stackheap                 0x000001e7   Thumb Code     0  startup.o(.text)
    RIT128x96x4Clear                         0x000002f5   Thumb Code    64  rit128x96x4.o(.text)
    RIT128x96x4StringDraw                    0x00000335   Thumb Code   218  rit128x96x4.o(.text)
    RIT128x96x4ImageDraw                     0x0000040f   Thumb Code   106  rit128x96x4.o(.text)
    RIT128x96x4Enable                        0x00000479   Thumb Code    90  rit128x96x4.o(.text)
    RIT128x96x4Disable                       0x000004d3   Thumb Code    84  rit128x96x4.o(.text)
    RIT128x96x4Init                          0x00000527   Thumb Code   146  rit128x96x4.o(.text)
    RIT128x96x4DisplayOn                     0x000005b9   Thumb Code    84  rit128x96x4.o(.text)
    RIT128x96x4DisplayOff                    0x0000060d   Thumb Code    12  rit128x96x4.o(.text)
    SysTick_Handler                          0x0000061d   Thumb Code    30  logotestmain.o(.text)
    refreshDisplay                           0x0000063b   Thumb Code    50  logotestmain.o(.text)
    rest                                     0x0000066d   Thumb Code    22  logotestmain.o(.text)
    songy                                    0x00000683   Thumb Code   278  logotestmain.o(.text)
    main                                     0x00000799   Thumb Code   394  logotestmain.o(.text)
    RIT128x96x4_ShowImage                    0x00000979   Thumb Code    20  clockoled.o(.text)
    setPixel                                 0x0000098d   Thumb Code    76  clockoled.o(.text)
    RIT128x96x4_Line                         0x000009d9   Thumb Code   180  clockoled.o(.text)
    RIT128x96x4_DrawImage                    0x00000a8d   Thumb Code    74  clockoled.o(.text)
    RIT128x96x4_BMP                          0x00000ad7   Thumb Code    68  clockoled.o(.text)
    RIT128x96x4_DrawAnalogClock              0x00000b1b   Thumb Code    58  clockoled.o(.text)
    RIT128x96x4_DrawDigitalClock             0x00000b55   Thumb Code     2  clockoled.o(.text)
    RIT128x96x4_DrawClock                    0x00000b57   Thumb Code    22  clockoled.o(.text)
    getTimeString                            0x00000b6d   Thumb Code    42  clockoled.o(.text)
    RIT128x96x4_DrawString                   0x00000b97   Thumb Code   122  clockoled.o(.text)
    digitalClockTick                         0x00000c11   Thumb Code    38  clockoled.o(.text)
    analogClockTick                          0x00000c37   Thumb Code   370  clockoled.o(.text)
    clockTick                                0x00000da9   Thumb Code    36  clockoled.o(.text)
    drawAlarm                                0x00000dcd   Thumb Code    70  clockoled.o(.text)
    RIT128x96x4_ClearImage                   0x00000e13   Thumb Code    32  clockoled.o(.text)
    RIT128x96x4_WhiteImage                   0x00000e33   Thumb Code    32  clockoled.o(.text)
    RIT128x96x4_DrawMenuItem                 0x00000e53   Thumb Code    56  clockoled.o(.text)
    drawWader                                0x00000e8b   Thumb Code    30  clockoled.o(.text)
    PWM0_Init                                0x00000ed5   Thumb Code   154  speaker.o(.text)
    PWM0_Duty                                0x00000f6f   Thumb Code     8  speaker.o(.text)
    doNothing                                0x00000fa5   Thumb Code     2  buttons.o(.text)
    buttonInit                               0x00000fa7   Thumb Code   140  buttons.o(.text)
    buttonEnableInterrupts                   0x00001033   Thumb Code    18  buttons.o(.text)
    buttonDisableInterrupts                  0x00001045   Thumb Code    18  buttons.o(.text)
    GPIOPortG_Handler                        0x00001057   Thumb Code   214  buttons.o(.text)
    getUpPress                               0x0000112d   Thumb Code    20  buttons.o(.text)
    getDownPress                             0x00001141   Thumb Code    20  buttons.o(.text)
    getLeftPress                             0x00001155   Thumb Code    20  buttons.o(.text)
    getRightPress                            0x00001169   Thumb Code    20  buttons.o(.text)
    getSelectPress                           0x0000117d   Thumb Code    20  buttons.o(.text)
    timerTickEnable                          0x000011d9   Thumb Code    18  timing.o(.text)
    timerTickInit                            0x000011eb   Thumb Code    36  timing.o(.text)
    timerTickDisable                         0x0000120f   Thumb Code    10  timing.o(.text)
    timerTickSetPeriod                       0x00001219   Thumb Code    14  timing.o(.text)
    timerTickWait                            0x00001227   Thumb Code     2  timing.o(.text)
    timeSet                                  0x0000122d   Thumb Code   298  menu.o(.text)
    alarmSet                                 0x00001357   Thumb Code   324  menu.o(.text)
    modeSet                                  0x0000149b   Thumb Code    14  menu.o(.text)
    alarmOnOff                               0x000014a9   Thumb Code    14  menu.o(.text)
    __2sprintf                               0x000014d1   Thumb Code    34  noretval__2sprintf.o(.text)
    _printf_pre_padding                      0x000014f9   Thumb Code    46  _printf_pad.o(.text)
    _printf_post_padding                     0x00001527   Thumb Code    36  _printf_pad.o(.text)
    _printf_int_dec                          0x0000154d   Thumb Code   102  _printf_dec.o(.text)
    __printf                                 0x000015c5   Thumb Code   390  __printf_flags_ss_wp.o(.text)
    __use_two_region_memory                  0x00001751   Thumb Code     2  heapauxi.o(.text)
    __rt_heap_escrow$2region                 0x00001753   Thumb Code     2  heapauxi.o(.text)
    __rt_heap_expand$2region                 0x00001755   Thumb Code     2  heapauxi.o(.text)
    _printf_int_common                       0x00001757   Thumb Code   184  _printf_intcommon.o(.text)
    _printf_char_common                      0x0000181b   Thumb Code    32  _printf_char_common.o(.text)
    _sputc                                   0x00001841   Thumb Code    10  _sputc.o(.text)
    __user_setup_stackheap                   0x0000184b   Thumb Code    74  sys_stackheap_outer.o(.text)
    exit                                     0x00001895   Thumb Code    12  exit.o(.text)
    __user_libspace                          0x000018a1   Thumb Code     8  libspace.o(.text)
    __user_perproc_libspace                  0x000018a1   Thumb Code     0  libspace.o(.text)
    __user_perthread_libspace                0x000018a1   Thumb Code     0  libspace.o(.text)
    _sys_exit                                0x000018a9   Thumb Code     8  sys_exit.o(.text)
    __I$use$semihosting                      0x000018b5   Thumb Code     0  use_no_semi.o(.text)
    __use_no_semihosting_swi                 0x000018b5   Thumb Code     2  use_no_semi.o(.text)
    GPIODirModeSet                           0x000018b7   Thumb Code    40  gpio.o(i.GPIODirModeSet)
    __semihosting_library_function           0x000018b7   Thumb Code     0  indicate_semi.o(.text)
    GPIOPadConfigSet                         0x000018df   Thumb Code   176  gpio.o(i.GPIOPadConfigSet)
    GPIOPinTypeGPIOOutput                    0x0000198f   Thumb Code    28  gpio.o(i.GPIOPinTypeGPIOOutput)
    GPIOPinTypeSSI                           0x000019ab   Thumb Code    28  gpio.o(i.GPIOPinTypeSSI)
    GPIOPinWrite                             0x000019c7   Thumb Code     6  gpio.o(i.GPIOPinWrite)
    SSIBusy                                  0x000019cd   Thumb Code     8  ssi.o(i.SSIBusy)
    SSIConfigSetExpClk                       0x000019d5   Thumb Code    76  ssi.o(i.SSIConfigSetExpClk)
    SSIDataGetNonBlocking                    0x00001a21   Thumb Code    18  ssi.o(i.SSIDataGetNonBlocking)
    SSIDataPut                               0x00001a33   Thumb Code    12  ssi.o(i.SSIDataPut)
    SSIDisable                               0x00001a3f   Thumb Code    10  ssi.o(i.SSIDisable)
    SSIEnable                                0x00001a49   Thumb Code    10  ssi.o(i.SSIEnable)
    SysCtlClockGet                           0x00001a55   Thumb Code   438  sysctl.o(i.SysCtlClockGet)
    SysCtlClockSet                           0x00001c39   Thumb Code   288  sysctl.o(i.SysCtlClockSet)
    SysCtlPeripheralEnable                   0x00001d71   Thumb Code    26  sysctl.o(i.SysCtlPeripheralEnable)
    _is_digit                                0x00001d91   Thumb Code    14  __printf_wp.o(i._is_digit)
    wader                                    0x00001fda   Data        2167  clockoled.o(.constdata)
    clock2                                   0x00002851   Data        3319  clockoled.o(.constdata)
    waveElement                              0x00003728   Data         120  clockoled.o(.constdata)
    leftArrow                                0x000037a0   Data          16  clockoled.o(.constdata)
    rightArrow                               0x000037b0   Data          16  clockoled.o(.constdata)
    Region$$Table$$Base                      0x00003870   Number         0  anon$$obj.o(Region$$Table)
    Region$$Table$$Limit                     0x00003890   Number         0  anon$$obj.o(Region$$Table)
    MENU_SIZE                                0x2000000c   Data           4  logotestmain.o(.data)
    Menu                                     0x20000010   Data          96  logotestmain.o(.data)
    menuItem                                 0x20000070   Data           4  logotestmain.o(.data)
    alarmOn                                  0x20000074   Data           4  logotestmain.o(.data)
    mode                                     0x20000078   Data           4  logotestmain.o(.data)
    clockTime                                0x2000007c   Data           4  logotestmain.o(.data)
    alarmTime                                0x20000080   Data           4  logotestmain.o(.data)
    prevXVal                                 0x2000008c   Data           4  clockoled.o(.data)
    prevYVal                                 0x20000090   Data           4  clockoled.o(.data)
    hourPrevXVal                             0x20000094   Data           4  clockoled.o(.data)
    hourPrevYVal                             0x20000098   Data           4  clockoled.o(.data)
    upPressed                                0x2000009c   Data           4  buttons.o(.data)
    downPressed                              0x200000a0   Data           4  buttons.o(.data)
    leftPressed                              0x200000a4   Data           4  buttons.o(.data)
    rightPressed                             0x200000a8   Data           4  buttons.o(.data)
    selectPressed                            0x200000ac   Data           4  buttons.o(.data)
    TimeSetMenu                              0x200000b0   Data          48  menu.o(.data)
    bitmap                                   0x200000e0   Data        6144  clockoled.o(.bss)
    __libspace_start                         0x200018e0   Data          96  libspace.o(.bss)
    __temporary_stack_top$libspace           0x20001940   Data           0  libspace.o(.bss)



==============================================================================

Memory Map of the image

  Image Entry point : 0x00000101

  Load Region LR_1 (Base: 0x00000000, Size: 0x00003970, Max: 0xffffffff, ABSOLUTE)

    Execution Region ER_RO (Base: 0x00000000, Size: 0x00003890, Max: 0xffffffff, ABSOLUTE)

    Base Addr    Size         Type   Attr      Idx    E Section Name        Object

    0x00000000   0x00000118   Code   RO            3  * RESET               startup.o
    0x00000118   0x00000008   Code   RO          920  * !!!main             c_w.l(__main.o)
    0x00000120   0x00000034   Code   RO         1083    !!!scatter          c_w.l(__scatter.o)
    0x00000154   0x0000001a   Code   RO         1085    !!handler_copy      c_w.l(__scatter_copy.o)
    0x0000016e   0x00000002   PAD
    0x00000170   0x0000001c   Code   RO         1087    !!handler_zi        c_w.l(__scatter_zi.o)
    0x0000018c   0x00000000   Code   RO          917    .ARM.Collect$$_printf_percent$$00000000  c_w.l(_printf_percent.o)
    0x0000018c   0x00000006   Code   RO          916    .ARM.Collect$$_printf_percent$$0000000A  c_w.l(_printf_u.o)
    0x00000192   0x00000004   Code   RO          929    .ARM.Collect$$_printf_percent$$00000017  c_w.l(_printf_percent_end.o)
    0x00000196   0x00000002   Code   RO          956    .ARM.Collect$$libinit$$00000000  c_w.l(libinit.o)
    0x00000198   0x00000000   Code   RO          963    .ARM.Collect$$libinit$$00000002  c_w.l(libinit2.o)
    0x00000198   0x00000000   Code   RO          966    .ARM.Collect$$libinit$$00000008  c_w.l(libinit2.o)
    0x00000198   0x00000000   Code   RO          968    .ARM.Collect$$libinit$$0000000A  c_w.l(libinit2.o)
    0x00000198   0x00000000   Code   RO          970    .ARM.Collect$$libinit$$0000000C  c_w.l(libinit2.o)
    0x00000198   0x00000000   Code   RO          973    .ARM.Collect$$libinit$$0000000F  c_w.l(libinit2.o)
    0x00000198   0x00000000   Code   RO          975    .ARM.Collect$$libinit$$00000011  c_w.l(libinit2.o)
    0x00000198   0x00000000   Code   RO          977    .ARM.Collect$$libinit$$00000013  c_w.l(libinit2.o)
    0x00000198   0x00000000   Code   RO          979    .ARM.Collect$$libinit$$00000015  c_w.l(libinit2.o)
    0x00000198   0x00000000   Code   RO          981    .ARM.Collect$$libinit$$00000017  c_w.l(libinit2.o)
    0x00000198   0x00000000   Code   RO          983    .ARM.Collect$$libinit$$00000019  c_w.l(libinit2.o)
    0x00000198   0x00000000   Code   RO          985    .ARM.Collect$$libinit$$0000001B  c_w.l(libinit2.o)
    0x00000198   0x00000000   Code   RO          987    .ARM.Collect$$libinit$$0000001D  c_w.l(libinit2.o)
    0x00000198   0x00000000   Code   RO          989    .ARM.Collect$$libinit$$0000001F  c_w.l(libinit2.o)
    0x00000198   0x00000000   Code   RO          991    .ARM.Collect$$libinit$$00000021  c_w.l(libinit2.o)
    0x00000198   0x00000000   Code   RO          993    .ARM.Collect$$libinit$$00000023  c_w.l(libinit2.o)
    0x00000198   0x00000000   Code   RO          997    .ARM.Collect$$libinit$$0000002A  c_w.l(libinit2.o)
    0x00000198   0x00000000   Code   RO          999    .ARM.Collect$$libinit$$0000002C  c_w.l(libinit2.o)
    0x00000198   0x00000000   Code   RO         1001    .ARM.Collect$$libinit$$0000002E  c_w.l(libinit2.o)
    0x00000198   0x00000000   Code   RO         1003    .ARM.Collect$$libinit$$00000030  c_w.l(libinit2.o)
    0x00000198   0x00000002   Code   RO         1004    .ARM.Collect$$libinit$$00000031  c_w.l(libinit2.o)
    0x0000019a   0x00000002   Code   RO         1024    .ARM.Collect$$libshutdown$$00000000  c_w.l(libshutdown.o)
    0x0000019c   0x00000000   Code   RO         1038    .ARM.Collect$$libshutdown$$00000003  c_w.l(libshutdown2.o)
    0x0000019c   0x00000000   Code   RO         1041    .ARM.Collect$$libshutdown$$00000006  c_w.l(libshutdown2.o)
    0x0000019c   0x00000000   Code   RO         1044    .ARM.Collect$$libshutdown$$00000009  c_w.l(libshutdown2.o)
    0x0000019c   0x00000000   Code   RO         1046    .ARM.Collect$$libshutdown$$0000000B  c_w.l(libshutdown2.o)
    0x0000019c   0x00000000   Code   RO         1049    .ARM.Collect$$libshutdown$$0000000E  c_w.l(libshutdown2.o)
    0x0000019c   0x00000002   Code   RO         1050    .ARM.Collect$$libshutdown$$0000000F  c_w.l(libshutdown2.o)
    0x0000019e   0x00000000   Code   RO          922    .ARM.Collect$$rtentry$$00000000  c_w.l(rtentry.o)
    0x0000019e   0x00000000   Code   RO          931    .ARM.Collect$$rtentry$$00000002  c_w.l(rtentry2.o)
    0x0000019e   0x00000006   Code   RO          943    .ARM.Collect$$rtentry$$00000004  c_w.l(rtentry4.o)
    0x000001a4   0x00000000   Code   RO          933    .ARM.Collect$$rtentry$$00000009  c_w.l(rtentry2.o)
    0x000001a4   0x00000004   Code   RO          934    .ARM.Collect$$rtentry$$0000000A  c_w.l(rtentry2.o)
    0x000001a8   0x00000000   Code   RO          936    .ARM.Collect$$rtentry$$0000000C  c_w.l(rtentry2.o)
    0x000001a8   0x00000008   Code   RO          937    .ARM.Collect$$rtentry$$0000000D  c_w.l(rtentry2.o)
    0x000001b0   0x00000002   Code   RO          960    .ARM.Collect$$rtexit$$00000000  c_w.l(rtexit.o)
    0x000001b2   0x00000000   Code   RO         1006    .ARM.Collect$$rtexit$$00000002  c_w.l(rtexit2.o)
    0x000001b2   0x00000004   Code   RO         1007    .ARM.Collect$$rtexit$$00000003  c_w.l(rtexit2.o)
    0x000001b6   0x00000006   Code   RO         1008    .ARM.Collect$$rtexit$$00000004  c_w.l(rtexit2.o)
    0x000001bc   0x00000006   Code   RO          136    .emb_text           timing.o
    0x000001c2   0x00000002   PAD
    0x000001c4   0x00000006   Code   RO          517    .emb_text           driverlib.lib(sysctl.o)
    0x000001ca   0x00000002   PAD
    0x000001cc   0x00000030   Code   RO            4    .text               startup.o
    0x000001fc   0x00000420   Code   RO           12    .text               rit128x96x4.o
    0x0000061c   0x0000035c   Code   RO           55    .text               logotestmain.o
    0x00000978   0x0000055c   Code   RO           84    .text               clockoled.o
    0x00000ed4   0x000000d0   Code   RO          105    .text               speaker.o
    0x00000fa4   0x00000234   Code   RO          121    .text               buttons.o
    0x000011d8   0x00000054   Code   RO          137    .text               timing.o
    0x0000122c   0x000002a4   Code   RO          155    .text               menu.o
    0x000014d0   0x00000028   Code   RO          888    .text               c_w.l(noretval__2sprintf.o)
    0x000014f8   0x00000052   Code   RO          892    .text               c_w.l(_printf_pad.o)
    0x0000154a   0x00000002   PAD
    0x0000154c   0x00000078   Code   RO          894    .text               c_w.l(_printf_dec.o)
    0x000015c4   0x0000018c   Code   RO          913    .text               c_w.l(__printf_flags_ss_wp.o)
    0x00001750   0x00000006   Code   RO          918    .text               c_w.l(heapauxi.o)
    0x00001756   0x000000b8   Code   RO          923    .text               c_w.l(_printf_intcommon.o)
    0x0000180e   0x00000002   PAD
    0x00001810   0x00000030   Code   RO          925    .text               c_w.l(_printf_char_common.o)
    0x00001840   0x0000000a   Code   RO          927    .text               c_w.l(_sputc.o)
    0x0000184a   0x0000004a   Code   RO          947    .text               c_w.l(sys_stackheap_outer.o)
    0x00001894   0x0000000c   Code   RO          949    .text               c_w.l(exit.o)
    0x000018a0   0x00000008   Code   RO          957    .text               c_w.l(libspace.o)
    0x000018a8   0x0000000c   Code   RO         1016    .text               c_w.l(sys_exit.o)
    0x000018b4   0x00000002   Code   RO         1027    .text               c_w.l(use_no_semi.o)
    0x000018b6   0x00000000   Code   RO         1029    .text               c_w.l(indicate_semi.o)
    0x000018b6   0x00000028   Code   RO          178    i.GPIODirModeSet    driverlib.lib(gpio.o)
    0x000018de   0x000000b0   Code   RO          183    i.GPIOPadConfigSet  driverlib.lib(gpio.o)
    0x0000198e   0x0000001c   Code   RO          196    i.GPIOPinTypeGPIOOutput  driverlib.lib(gpio.o)
    0x000019aa   0x0000001c   Code   RO          202    i.GPIOPinTypeSSI    driverlib.lib(gpio.o)
    0x000019c6   0x00000006   Code   RO          207    i.GPIOPinWrite      driverlib.lib(gpio.o)
    0x000019cc   0x00000008   Code   RO          406    i.SSIBusy           driverlib.lib(ssi.o)
    0x000019d4   0x0000004c   Code   RO          407    i.SSIConfigSetExpClk  driverlib.lib(ssi.o)
    0x00001a20   0x00000012   Code   RO          411    i.SSIDataGetNonBlocking  driverlib.lib(ssi.o)
    0x00001a32   0x0000000c   Code   RO          412    i.SSIDataPut        driverlib.lib(ssi.o)
    0x00001a3e   0x0000000a   Code   RO          414    i.SSIDisable        driverlib.lib(ssi.o)
    0x00001a48   0x0000000a   Code   RO          415    i.SSIEnable         driverlib.lib(ssi.o)
    0x00001a52   0x00000002   PAD
    0x00001a54   0x000001e4   Code   RO          522    i.SysCtlClockGet    driverlib.lib(sysctl.o)
    0x00001c38   0x00000138   Code   RO          523    i.SysCtlClockSet    driverlib.lib(sysctl.o)
    0x00001d70   0x00000020   Code   RO          547    i.SysCtlPeripheralEnable  driverlib.lib(sysctl.o)
    0x00001d90   0x0000000e   Code   RO          906    i._is_digit         c_w.l(__printf_wp.o)
    0x00001d9e   0x0000023b   Data   RO           13    .constdata          rit128x96x4.o
    0x00001fd9   0x00000001   PAD
    0x00001fda   0x000017e6   Data   RO           86    .constdata          clockoled.o
    0x000037c0   0x0000009c   Data   RO          560    .constdata          driverlib.lib(sysctl.o)
    0x0000385c   0x00000011   Data   RO          914    .constdata          c_w.l(__printf_flags_ss_wp.o)
    0x0000386d   0x00000003   PAD
    0x00003870   0x00000020   Data   RO         1081    Region$$Table       anon$$obj.o


    Execution Region ER_RW (Base: 0x20000000, Size: 0x000000e0, Max: 0xffffffff, ABSOLUTE)

    Base Addr    Size         Type   Attr      Idx    E Section Name        Object

    0x20000000   0x0000000c   Data   RW           14    .data               rit128x96x4.o
    0x2000000c   0x00000078   Data   RW           56    .data               logotestmain.o
    0x20000084   0x00000018   Data   RW           87    .data               clockoled.o
    0x2000009c   0x00000014   Data   RW          122    .data               buttons.o
    0x200000b0   0x00000030   Data   RW          156    .data               menu.o


    Execution Region ER_ZI (Base: 0x200000e0, Size: 0x00001c60, Max: 0xffffffff, ABSOLUTE)

    Base Addr    Size         Type   Attr      Idx    E Section Name        Object

    0x200000e0   0x00001800   Zero   RW           85    .bss                clockoled.o
    0x200018e0   0x00000060   Zero   RW          958    .bss                c_w.l(libspace.o)
    0x20001940   0x00000000   Zero   RW            2    HEAP                startup.o
    0x20001940   0x00000400   Zero   RW            1    STACK               startup.o


==============================================================================

Image component sizes


      Code (inc. data)   RO Data    RW Data    ZI Data      Debug   Object Name

       564         72          0         20          0       2125   buttons.o
      1372        110       6118         24       6144       6501   clockoled.o
       860         86          0        120          0       2976   logotestmain.o
       676         26          0         48          0       1786   menu.o
      1056         52        571         12          0       5466   rit128x96x4.o
       208         46          0          0          0        722   speaker.o
       328        268          0          0       1024        868   startup.o
        90          4          0          0          0       1330   timing.o

    ----------------------------------------------------------------------
      5156        664       6722        224       7168      21774   Object Totals
         0          0         32          0          0          0   (incl. Generated)
         2          0          1          0          0          0   (incl. Padding)

    ----------------------------------------------------------------------

      Code (inc. data)   RO Data    RW Data    ZI Data      Debug   Library Member Name

         8          0          0          0          0         68   __main.o
       396          6         17          0          0         92   __printf_flags_ss_wp.o
        14          0          0          0          0         68   __printf_wp.o
        52          8          0          0          0          0   __scatter.o
        26          0          0          0          0          0   __scatter_copy.o
        28          0          0          0          0          0   __scatter_zi.o
        48          6          0          0          0         96   _printf_char_common.o
       120         18          0          0          0         92   _printf_dec.o
       184          0          0          0          0         88   _printf_intcommon.o
        82          0          0          0          0        108   _printf_pad.o
         0          0          0          0          0          0   _printf_percent.o
         4          0          0          0          0          0   _printf_percent_end.o
         6          0          0          0          0          0   _printf_u.o
        10          0          0          0          0         68   _sputc.o
        12          0          0          0          0         72   exit.o
         6          0          0          0          0        152   heapauxi.o
         0          0          0          0          0          0   indicate_semi.o
         2          0          0          0          0          0   libinit.o
         2          0          0          0          0          0   libinit2.o
         2          0          0          0          0          0   libshutdown.o
         2          0          0          0          0          0   libshutdown2.o
         8          4          0          0         96         68   libspace.o
        40          6          0          0          0         84   noretval__2sprintf.o
         0          0          0          0          0          0   rtentry.o
        12          0          0          0          0          0   rtentry2.o
         6          0          0          0          0          0   rtentry4.o
         2          0          0          0          0          0   rtexit.o
        10          0          0          0          0          0   rtexit2.o
        12          4          0          0          0         68   sys_exit.o
        74          0          0          0          0         80   sys_stackheap_outer.o
         2          0          0          0          0         68   use_no_semi.o
       278          0          0          0          0       5992   gpio.o
       134          0          0          0          0       3033   ssi.o
       834         76        156          0          0       3771   sysctl.o

    ----------------------------------------------------------------------
      2426        128        176          0         96      14068   Library Totals
        10          0          3          0          0          0   (incl. Padding)

    ----------------------------------------------------------------------

      Code (inc. data)   RO Data    RW Data    ZI Data      Debug   Library Name

      1170         52         17          0         96       1272   c_w.l
      1246         76        156          0          0      12796   driverlib.lib

    ----------------------------------------------------------------------
      2426        128        176          0         96      14068   Library Totals

    ----------------------------------------------------------------------

==============================================================================


      Code (inc. data)   RO Data    RW Data    ZI Data      Debug   

      7582        792       6898        224       7264      33988   Grand Totals
      7582        792       6898        224       7264      33988   ELF Image Totals
      7582        792       6898        224          0          0   ROM Totals

==============================================================================

    Total RO  Size (Code + RO Data)                14480 (  14.14kB)
    Total RW  Size (RW Data + ZI Data)              7488 (   7.31kB)
    Total ROM Size (Code + RO Data + RW Data)      14704 (  14.36kB)

==============================================================================

